Microchip MPLAB XC8 Compiler V1.41 ()

Linker command line:

-W-3 --edf=/Applications/microchip/xc8/v1.41/dat/en_msgs.txt -cs \
  -h+dist/default/production/sorting_states_2.X_copy.production.sym \
  --cmf=dist/default/production/sorting_states_2.X_copy.production.cmf -z \
  -Q18F4620 -o/tmp/xcVX64mxt \
  -Mdist/default/production/sorting_states_2.X_copy.production.map -E1 \
  -ver=XC8 -ASTACK=0D2h-0f7fh -pstack=STACK -ACODE=00h-0FFFFh \
  -ACONST=00h-0FFFFh -ASMALLCONST=01000h-010FFhx240 \
  -AMEDIUMCONST=01000h-0FFFFh -ACOMRAM=01h-07Fh -AABS1=00h-0F7Fh \
  -ABIGRAM=01h-0F7Fh -ARAM=080h-0FFh,0100h-01FFhx14,0F00h-0F7Fh \
  -ABANK0=080h-0FFh -ABANK1=0100h-01FFh -ABANK2=0200h-02FFh \
  -ABANK3=0300h-03FFh -ABANK4=0400h-04FFh -ABANK5=0500h-05FFh \
  -ABANK6=0600h-06FFh -ABANK7=0700h-07FFh -ABANK8=0800h-08FFh \
  -ABANK9=0900h-09FFh -ABANK10=0A00h-0AFFh -ABANK11=0B00h-0BFFh \
  -ABANK12=0C00h-0CFFh -ABANK13=0D00h-0DFFh -ABANK14=0E00h-0EFFh \
  -ABANK15=0F00h-0F7Fh -ASFR=0F80h-0FFFh \
  -preset_vec=00h,intcode=08h,intcodelo,powerup,init -pramtop=01000h \
  -psmallconst=SMALLCONST -pmediumconst=MEDIUMCONST -pconst=CONST \
  -AFARRAM=00h-00h -ACONFIG=0300000h-030000Dh -pconfig=CONFIG \
  -AIDLOC=0200000h-0200007h -pidloc=IDLOC -AEEDATA=0F00000h-0F003FFh \
  -peeprom_data=EEDATA \
  -prdata=COMRAM,nvrram=COMRAM,nvbit=COMRAM,rbss=COMRAM,rbit=COMRAM \
  -pfarbss=FARRAM,fardata=FARRAM,nvFARRAM=FARRAM \
  -pintsave_regs=BIGRAM,bigbss=BIGRAM,bigdata=BIGRAM -pbss=RAM \
  -pidata=CODE,irdata=CODE,ibigdata=CODE,ifardata=CODE -prparam=COMRAM \
  /tmp/xcRcXK4XE.obj \
  dist/default/production/sorting_states_2.X_copy.production.obj 

Object code version is 3.11

Machine type is 18F4620

Call graph: (short form)




                Name                               Link     Load   Length Selector   Space Scale
/tmp/xcRcXK4XE.obj
                init                                  E        E        4        4       0
                reset_vec                             0        0        4        0       0
                idloc                            200000   200000        8   200000       0
                config                           300000   300000        E   300000       0
dist/default/production/sorting_states_2.X_copy.production.obj
                intcode                               8        8        6        4       0
                temp                                 4D       4D        1        1       1
                mediumconst                        FEE8     FEE8      118     7F74       0
                text67                             1428     1428       70        4       0
                text66                             124C     124C       84        4       0
                text65                             16F6     16F6       56        4       0
                text64                             1D9E     1D9E        C        4       0
                text63                             1888     1888       46        4       0
                text62                             174C     174C       52        4       0
                text61                             18CE     18CE       42        4       0
                text60                             1B7C     1B7C       26        4       0
                text59                             1CA4     1CA4       1E        4       0
                text58                             1D92     1D92        C        4       0
                text57                              3F0      3F0      336        4       0
                text56                             17EE     17EE       50        4       0
                text55                             194A     194A       3A        4       0
                text54                             1910     1910       3A        4       0
                text53                             1C84     1C84       20        4       0
                intcode_body                        726      726      2D8        4       0
                text51                             1100     1100       BC        4       0
                text50                             1696     1696       60        4       0
                text49                             1CDE     1CDE       14        4       0
                text48                             19EC     19EC       2E        4       0
                text47                             1DBC     1DBC        8        4       0
                text46                             1DB4     1DB4        8        4       0
                text45                             1DAA     1DAA        A        4       0
                text44                             1042     1042       BE        4       0
                text43                             1984     1984       36        4       0
                text42                              9FE      9FE      294        4       0
                text41                             156A     156A       68        4       0
                text40                             1D4A     1D4A       10        4       0
                text39                             183E     183E       4A        4       0
                text38                             12D0     12D0       78        4       0
                text37                             1634     1634       62        4       0
                text36                             1A46     1A46       2A        4       0
                text35                             1D3A     1D3A       10        4       0
                text34                               12       12      3DE        4       0
                text33                              C92      C92      176        4       0
                text32                             15D2     15D2       62        4       0
                text31                              E08      E08      15C        4       0
                text30                             1B56     1B56       26        4       0
                text29                             1B30     1B30       26        4       0
                text28                             1C64     1C64       20        4       0
                text27                             1A1A     1A1A       2C        4       0
                text26                             1C44     1C44       20        4       0
                text25                             13B8     13B8       70        4       0
                text24                             1B0A     1B0A       26        4       0
                text23                             1D28     1D28       12        4       0
                text22                             1498     1498       6A        4       0
                text21                             1D16     1D16       12        4       0
                text20                             1D84     1D84        E        4       0
                text19                             1D76     1D76        E        4       0
                text18                             1D68     1D68        E        4       0
                text17                             1D5A     1D5A        E        4       0
                text16                             1502     1502       68        4       0
                text15                             1C24     1C24       20        4       0
                text14                             1C04     1C04       20        4       0
                text13                             1AE4     1AE4       26        4       0
                text12                             1ABE     1ABE       26        4       0
                text11                             1BE4     1BE4       20        4       0
                text10                             19BA     19BA       32        4       0
                text9                              1BC4     1BC4       20        4       0
                text8                              1348     1348       70        4       0
                text7                              1A98     1A98       26        4       0
                text6                              1D04     1D04       12        4       0
                text5                              1A70     1A70       28        4       0
                text4                              1CF2     1CF2       12        4       0
                text3                              179E     179E       50        4       0
                text2                              1CC2     1CC2       1C        4       0
                text1                               F64      F64       DE        4       0
                text0                              11BC     11BC       90        4       0
                cstackCOMRAM                          1        1       3E        1       1
                cstackBANK0                          80       80       2B       80       1
                bssBANK0                             AB       AB       27       80       1
                bssCOMRAM                            3F       3F        E        1       1
                cinit                              1BA2     1BA2       22        4       0

TOTAL           Name                               Link     Load   Length     Space
        CLASS   STACK          

        CLASS   CODE           
                intcode                               8        8        6         0
                init                                  E        E        4         0
                reset_vec                             0        0        4         0
                text67                             1428     1428       70         0
                text66                             124C     124C       84         0
                text65                             16F6     16F6       56         0
                text64                             1D9E     1D9E        C         0
                text63                             1888     1888       46         0
                text62                             174C     174C       52         0
                text61                             18CE     18CE       42         0
                text60                             1B7C     1B7C       26         0
                text59                             1CA4     1CA4       1E         0
                text58                             1D92     1D92        C         0
                text57                              3F0      3F0      336         0
                text56                             17EE     17EE       50         0
                text55                             194A     194A       3A         0
                text54                             1910     1910       3A         0
                text53                             1C84     1C84       20         0
                intcode_body                        726      726      2D8         0
                text51                             1100     1100       BC         0
                text50                             1696     1696       60         0
                text49                             1CDE     1CDE       14         0
                text48                             19EC     19EC       2E         0
                text47                             1DBC     1DBC        8         0
                text46                             1DB4     1DB4        8         0
                text45                             1DAA     1DAA        A         0
                text44                             1042     1042       BE         0
                text43                             1984     1984       36         0
                text42                              9FE      9FE      294         0
                text41                             156A     156A       68         0
                text40                             1D4A     1D4A       10         0
                text39                             183E     183E       4A         0
                text38                             12D0     12D0       78         0
                text37                             1634     1634       62         0
                text36                             1A46     1A46       2A         0
                text35                             1D3A     1D3A       10         0
                text34                               12       12      3DE         0
                text33                              C92      C92      176         0
                text32                             15D2     15D2       62         0
                text31                              E08      E08      15C         0
                text30                             1B56     1B56       26         0
                text29                             1B30     1B30       26         0
                text28                             1C64     1C64       20         0
                text27                             1A1A     1A1A       2C         0
                text26                             1C44     1C44       20         0
                text25                             13B8     13B8       70         0
                text24                             1B0A     1B0A       26         0
                text23                             1D28     1D28       12         0
                text22                             1498     1498       6A         0
                text21                             1D16     1D16       12         0
                text20                             1D84     1D84        E         0
                text19                             1D76     1D76        E         0
                text18                             1D68     1D68        E         0
                text17                             1D5A     1D5A        E         0
                text16                             1502     1502       68         0
                text15                             1C24     1C24       20         0
                text14                             1C04     1C04       20         0
                text13                             1AE4     1AE4       26         0
                text12                             1ABE     1ABE       26         0
                text11                             1BE4     1BE4       20         0
                text10                             19BA     19BA       32         0
                text9                              1BC4     1BC4       20         0
                text8                              1348     1348       70         0
                text7                              1A98     1A98       26         0
                text6                              1D04     1D04       12         0
                text5                              1A70     1A70       28         0
                text4                              1CF2     1CF2       12         0
                text3                              179E     179E       50         0
                text2                              1CC2     1CC2       1C         0
                text1                               F64      F64       DE         0
                text0                              11BC     11BC       90         0
                cinit                              1BA2     1BA2       22         0

        CLASS   CONST          

        CLASS   SMALLCONST     

        CLASS   MEDIUMCONST    
                mediumconst                        FEE8     FEE8      118         0

        CLASS   COMRAM         
                temp                                 4D       4D        1         1
                cstackCOMRAM                          1        1       3E         1
                bssCOMRAM                            3F       3F        E         1

        CLASS   ABS1           

        CLASS   BIGRAM         

        CLASS   RAM            

        CLASS   BANK0          
                cstackBANK0                          80       80       2B         1
                bssBANK0                             AB       AB       27         1

        CLASS   BANK1          

        CLASS   BANK2          

        CLASS   BANK3          

        CLASS   BANK4          

        CLASS   BANK5          

        CLASS   BANK6          

        CLASS   BANK7          

        CLASS   BANK8          

        CLASS   BANK9          

        CLASS   BANK10         

        CLASS   BANK11         

        CLASS   BANK12         

        CLASS   BANK13         

        CLASS   BANK14         

        CLASS   BANK15         

        CLASS   SFR            

        CLASS   FARRAM         

        CLASS   CONFIG         
                config                           300000   300000        E         0

        CLASS   IDLOC          
                idloc                            200000   200000        8         0

        CLASS   EEDATA         



SEGMENTS        Name                           Load    Length   Top    Selector   Space  Class

                reset_vec                      000000  000004  000004         0       0  CODE    
                cstackCOMRAM                   000001  00004D  00004E         1       1  COMRAM  
                intcode                        000008  001DBC  001DC4         4       0  CODE    
                cstackBANK0                    000080  000052  0000D2        80       1  BANK0   
                mediumconst                    00FEE8  000118  010000      7F74       0  MEDIUMCO
                idloc                          200000  000008  200008    200000       0  IDLOC   
                config                         300000  00000E  30000E    300000       0  CONFIG  


UNUSED ADDRESS RANGES

        Name                Unused          Largest block    Delta
        BANK0            0000D2-0000FF               2E
        BANK1            000100-0001FF              100
        BANK10           000A00-000AFF              100
        BANK11           000B00-000BFF              100
        BANK12           000C00-000CFF              100
        BANK13           000D00-000DFF              100
        BANK14           000E00-000EFF              100
        BANK15           000F00-000F7F               80
        BANK2            000200-0002FF              100
        BANK3            000300-0003FF              100
        BANK4            000400-0004FF              100
        BANK5            000500-0005FF              100
        BANK6            000600-0006FF              100
        BANK7            000700-0007FF              100
        BANK8            000800-0008FF              100
        BANK9            000900-0009FF              100
        BIGRAM           00004E-00007F               32
                         0000D2-000F7F              EAE
        CODE             000004-000007                4
                         001DC4-00FEE7             E124
        COMRAM           00004E-00007F               32
        CONST            000004-000007                4
                         001DC4-00FEE7             E124
        EEDATA           F00000-F003FF              400
        MEDIUMCONST      001DC4-00FEE7             E124
        RAM              0000D2-000F7F              100
        SFR              000F80-000FFF               80
        SMALLCONST       001DC4-00FEE7              100
        STACK            0000D2-000F7F              EAE

                                  Symbol Table

?___awdiv                               cstackBANK0  000080
?___awmod                               cstackCOMRAM 000001
?___lldiv                               cstackBANK0  000080
?___lwdiv                               cstackBANK0  000080
?___lwmod                               cstackBANK0  000087
?___wmul                                cstackBANK0  000088
?_done_sorting                          cstackBANK0  00008E
?_printf                                cstackBANK0  00008E
?i2___awdiv                             cstackCOMRAM 000001
?i2___lwdiv                             cstackCOMRAM 000001
?i2___lwmod                             cstackCOMRAM 000008
?i2___wmul                              cstackCOMRAM 000001
?i2_printf                              cstackCOMRAM 00000D
I2C_Master_Init@c                       cstackBANK0  00008D
I2C_Master_Read@a                       cstackBANK0  000081
I2C_Master_Read@temp                    cstackBANK0  000082
I2C_Master_Write@d                      cstackBANK0  000081
_ACKDT                                  (abs)        007E2D
_ACKEN                                  (abs)        007E2C
_ADCON0                                 (abs)        000FC2
_ADCON1                                 (abs)        000FC1
_I2C_Master_Init                        text50       001696
_I2C_Master_Read                        text48       0019EC
_I2C_Master_Start                       text47       001DBC
_I2C_Master_Stop                        text46       001DB4
_I2C_Master_Wait                        text49       001CDE
_I2C_Master_Write                       text45       001DAA
_INT1IE                                 (abs)        007F83
_INT1IF                                 (abs)        007F80
_INTCONbits                             (abs)        000FF2
_LATA                                   (abs)        000F89
_LATAbits                               (abs)        000F89
_LATB                                   (abs)        000F8A
_LATBbits                               (abs)        000F8A
_LATC                                   (abs)        000F8B
_LATCbits                               (abs)        000F8B
_LATD                                   (abs)        000F8C
_LATDbits                               (abs)        000F8C
_LATE                                   (abs)        000F8D
_LATEbits                               (abs)        000F8D
_PEN                                    (abs)        007E2A
_PORTAbits                              (abs)        000F80
_PORTB                                  (abs)        000F81
_PORTBbits                              (abs)        000F81
_PORTCbits                              (abs)        000F82
_RCEN                                   (abs)        007E2B
_RSEN                                   (abs)        007E29
_SEN                                    (abs)        007E28
_SSPADD                                 (abs)        000FC8
_SSPBUF                                 (abs)        000FC9
_SSPCON1                                (abs)        000FC6
_SSPCON2                                (abs)        000FC5
_SSPSTAT                                (abs)        000FC7
_Start_time                             bssBANK0     0000BA
_TRISA                                  (abs)        000F92
_TRISB                                  (abs)        000F93
_TRISC                                  (abs)        000F94
_TRISC3                                 (abs)        007CA3
_TRISC4                                 (abs)        007CA4
_TRISD                                  (abs)        000F95
_TRISE                                  (abs)        000F96
__CFG_BOREN$SBORDIS                     (abs)        000000
__CFG_BORV$3                            (abs)        000000
__CFG_CCP2MX$PORTC                      (abs)        000000
__CFG_CP0$OFF                           (abs)        000000
__CFG_CP1$OFF                           (abs)        000000
__CFG_CP2$OFF                           (abs)        000000
__CFG_CP3$OFF                           (abs)        000000
__CFG_CPB$OFF                           (abs)        000000
__CFG_CPD$OFF                           (abs)        000000
__CFG_EBTR0$OFF                         (abs)        000000
__CFG_EBTR1$OFF                         (abs)        000000
__CFG_EBTR2$OFF                         (abs)        000000
__CFG_EBTR3$OFF                         (abs)        000000
__CFG_EBTRB$OFF                         (abs)        000000
__CFG_FCMEN$OFF                         (abs)        000000
__CFG_IESO$OFF                          (abs)        000000
__CFG_LPT1OSC$OFF                       (abs)        000000
__CFG_LVP$OFF                           (abs)        000000
__CFG_MCLRE$ON                          (abs)        000000
__CFG_OSC$HS                            (abs)        000000
__CFG_PBADEN$ON                         (abs)        000000
__CFG_PWRT$OFF                          (abs)        000000
__CFG_STVREN$ON                         (abs)        000000
__CFG_WDT$OFF                           (abs)        000000
__CFG_WDTPS$32768                       (abs)        000000
__CFG_WRT0$OFF                          (abs)        000000
__CFG_WRT1$OFF                          (abs)        000000
__CFG_WRT2$OFF                          (abs)        000000
__CFG_WRT3$OFF                          (abs)        000000
__CFG_WRTB$OFF                          (abs)        000000
__CFG_WRTC$OFF                          (abs)        000000
__CFG_WRTD$OFF                          (abs)        000000
__CFG_XINST$OFF                         (abs)        000000
__HRAM                                  (abs)        000000
__Habs1                                 abs1         000000
__Hbank0                                bank0        000000
__Hbank1                                bank1        000000
__Hbank10                               bank10       000000
__Hbank11                               bank11       000000
__Hbank12                               bank12       000000
__Hbank13                               bank13       000000
__Hbank14                               bank14       000000
__Hbank15                               bank15       000000
__Hbank2                                bank2        000000
__Hbank3                                bank3        000000
__Hbank4                                bank4        000000
__Hbank5                                bank5        000000
__Hbank6                                bank6        000000
__Hbank7                                bank7        000000
__Hbank8                                bank8        000000
__Hbank9                                bank9        000000
__Hbigbss                               bigbss       000000
__Hbigdata                              bigdata      000000
__Hbigram                               bigram       000000
__Hbss                                  bss          000000
__HbssBANK0                             bssBANK0     000000
__HbssCOMRAM                            bssCOMRAM    000000
__Hcinit                                cinit        000000
__Hclrtext                              clrtext      000000
__Hcomram                               comram       000000
__Hconfig                               config       30000E
__Hconst                                const        000000
__HcstackBANK0                          cstackBANK0  000000
__HcstackCOMRAM                         cstackCOMRAM 000000
__Hdata                                 data         000000
__Heeprom_data                          eeprom_data  000000
__Hfarbss                               farbss       000000
__Hfardata                              fardata      000000
__Hibigdata                             ibigdata     000000
__Hidata                                idata        000000
__Hidloc                                idloc        200008
__Hifardata                             ifardata     000000
__Hinit                                 init         000012
__Hintcode                              intcode      00000E
__Hintcode_body                         intcode_body 000000
__Hintcodelo                            intcodelo    00000E
__Hintentry                             intentry     000000
__Hintret                               intret       000000
__Hintsave_regs                         intsave_regs 000000
__Hirdata                               irdata       000000
__Hmediumconst                          mediumconst  010000
__HnvFARRAM                             nvFARRAM     000000
__Hnvbit                                nvbit        000000
__Hnvrram                               nvrram       000000
__Hparam                                rparam       000000
__Hpowerup                              powerup      00000E
__Hram                                  ram          000000
__Hramtop                               ramtop       001000
__Hrbit                                 rbit         000000
__Hrbss                                 rbss         000000
__Hrdata                                rdata        000000
__Hreset_vec                            reset_vec    000004
__Hrparam                               rparam       000000
__Hsfr                                  sfr          000000
__Hsmallconst                           smallconst   000000
__Hspace_0                              (abs)        30000E
__Hspace_1                              (abs)        0000D2
__Hspace_2                              (abs)        000000
__Hstack                                stack        000000
__Hstruct                               struct       000000
__Htemp                                 temp         00004E
__Htext                                 text         000000
__Htext0                                text0        000000
__Htext1                                text1        000000
__Htext10                               text10       000000
__Htext11                               text11       000000
__Htext12                               text12       000000
__Htext13                               text13       000000
__Htext14                               text14       000000
__Htext15                               text15       000000
__Htext16                               text16       000000
__Htext17                               text17       000000
__Htext18                               text18       000000
__Htext19                               text19       000000
__Htext2                                text2        000000
__Htext20                               text20       000000
__Htext21                               text21       000000
__Htext22                               text22       000000
__Htext23                               text23       000000
__Htext24                               text24       000000
__Htext25                               text25       000000
__Htext26                               text26       000000
__Htext27                               text27       000000
__Htext28                               text28       000000
__Htext29                               text29       000000
__Htext3                                text3        000000
__Htext30                               text30       000000
__Htext31                               text31       000000
__Htext32                               text32       000000
__Htext33                               text33       000000
__Htext34                               text34       000000
__Htext35                               text35       000000
__Htext36                               text36       000000
__Htext37                               text37       000000
__Htext38                               text38       000000
__Htext39                               text39       000000
__Htext4                                text4        000000
__Htext40                               text40       000000
__Htext41                               text41       000000
__Htext42                               text42       000000
__Htext43                               text43       000000
__Htext44                               text44       000000
__Htext45                               text45       000000
__Htext46                               text46       000000
__Htext47                               text47       000000
__Htext48                               text48       000000
__Htext49                               text49       000000
__Htext5                                text5        000000
__Htext50                               text50       000000
__Htext51                               text51       000000
__Htext53                               text53       000000
__Htext54                               text54       000000
__Htext55                               text55       000000
__Htext56                               text56       000000
__Htext57                               text57       000000
__Htext58                               text58       000000
__Htext59                               text59       000000
__Htext6                                text6        000000
__Htext60                               text60       000000
__Htext61                               text61       000000
__Htext62                               text62       000000
__Htext63                               text63       000000
__Htext64                               text64       000000
__Htext65                               text65       000000
__Htext66                               text66       000000
__Htext67                               text67       000000
__Htext68                               text68       000000
__Htext7                                text7        000000
__Htext8                                text8        000000
__Htext9                                text9        000000
__LRAM                                  (abs)        000001
__Labs1                                 abs1         000000
__Lbank0                                bank0        000000
__Lbank1                                bank1        000000
__Lbank10                               bank10       000000
__Lbank11                               bank11       000000
__Lbank12                               bank12       000000
__Lbank13                               bank13       000000
__Lbank14                               bank14       000000
__Lbank15                               bank15       000000
__Lbank2                                bank2        000000
__Lbank3                                bank3        000000
__Lbank4                                bank4        000000
__Lbank5                                bank5        000000
__Lbank6                                bank6        000000
__Lbank7                                bank7        000000
__Lbank8                                bank8        000000
__Lbank9                                bank9        000000
__Lbigbss                               bigbss       000000
__Lbigdata                              bigdata      000000
__Lbigram                               bigram       000000
__Lbss                                  bss          000000
__LbssBANK0                             bssBANK0     000000
__LbssCOMRAM                            bssCOMRAM    000000
__Lcinit                                cinit        000000
__Lclrtext                              clrtext      000000
__Lcomram                               comram       000000
__Lconfig                               config       300000
__Lconst                                const        000000
__LcstackBANK0                          cstackBANK0  000000
__LcstackCOMRAM                         cstackCOMRAM 000000
__Ldata                                 data         000000
__Leeprom_data                          eeprom_data  000000
__Lfarbss                               farbss       000000
__Lfardata                              fardata      000000
__Libigdata                             ibigdata     000000
__Lidata                                idata        000000
__Lidloc                                idloc        200000
__Lifardata                             ifardata     000000
__Linit                                 init         00000E
__Lintcode                              intcode      000008
__Lintcode_body                         intcode_body 000000
__Lintcodelo                            intcodelo    00000E
__Lintentry                             intentry     000000
__Lintret                               intret       000000
__Lintsave_regs                         intsave_regs 000000
__Lirdata                               irdata       000000
__Lmediumconst                          mediumconst  00FEE8
__LnvFARRAM                             nvFARRAM     000000
__Lnvbit                                nvbit        000000
__Lnvrram                               nvrram       000000
__Lparam                                rparam       000000
__Lpowerup                              powerup      00000E
__Lram                                  ram          000000
__Lramtop                               ramtop       001000
__Lrbit                                 rbit         000000
__Lrbss                                 rbss         000000
__Lrdata                                rdata        000000
__Lreset_vec                            reset_vec    000000
__Lrparam                               rparam       000000
__Lsfr                                  sfr          000000
__Lsmallconst                           smallconst   000000
__Lspace_0                              (abs)        000000
__Lspace_1                              (abs)        000000
__Lspace_2                              (abs)        000000
__Lstack                                stack        000000
__Lstruct                               struct       000000
__Ltemp                                 temp         00004D
__Ltext                                 text         000000
__Ltext0                                text0        000000
__Ltext1                                text1        000000
__Ltext10                               text10       000000
__Ltext11                               text11       000000
__Ltext12                               text12       000000
__Ltext13                               text13       000000
__Ltext14                               text14       000000
__Ltext15                               text15       000000
__Ltext16                               text16       000000
__Ltext17                               text17       000000
__Ltext18                               text18       000000
__Ltext19                               text19       000000
__Ltext2                                text2        000000
__Ltext20                               text20       000000
__Ltext21                               text21       000000
__Ltext22                               text22       000000
__Ltext23                               text23       000000
__Ltext24                               text24       000000
__Ltext25                               text25       000000
__Ltext26                               text26       000000
__Ltext27                               text27       000000
__Ltext28                               text28       000000
__Ltext29                               text29       000000
__Ltext3                                text3        000000
__Ltext30                               text30       000000
__Ltext31                               text31       000000
__Ltext32                               text32       000000
__Ltext33                               text33       000000
__Ltext34                               text34       000000
__Ltext35                               text35       000000
__Ltext36                               text36       000000
__Ltext37                               text37       000000
__Ltext38                               text38       000000
__Ltext39                               text39       000000
__Ltext4                                text4        000000
__Ltext40                               text40       000000
__Ltext41                               text41       000000
__Ltext42                               text42       000000
__Ltext43                               text43       000000
__Ltext44                               text44       000000
__Ltext45                               text45       000000
__Ltext46                               text46       000000
__Ltext47                               text47       000000
__Ltext48                               text48       000000
__Ltext49                               text49       000000
__Ltext5                                text5        000000
__Ltext50                               text50       000000
__Ltext51                               text51       000000
__Ltext53                               text53       000000
__Ltext54                               text54       000000
__Ltext55                               text55       000000
__Ltext56                               text56       000000
__Ltext57                               text57       000000
__Ltext58                               text58       000000
__Ltext59                               text59       000000
__Ltext6                                text6        000000
__Ltext60                               text60       000000
__Ltext61                               text61       000000
__Ltext62                               text62       000000
__Ltext63                               text63       000000
__Ltext64                               text64       000000
__Ltext65                               text65       000000
__Ltext66                               text66       000000
__Ltext67                               text67       000000
__Ltext68                               text68       000000
__Ltext7                                text7        000000
__Ltext8                                text8        000000
__Ltext9                                text9        000000
__S0                                    (abs)        30000E
__S1                                    (abs)        0000D2
__S2                                    (abs)        000000
___awdiv                                text44       001042
___awdiv@counter                        cstackBANK0  000084
___awdiv@dividend                       cstackBANK0  000080
___awdiv@divisor                        cstackBANK0  000082
___awdiv@quotient                       cstackBANK0  000086
___awdiv@sign                           cstackBANK0  000085
___awmod                                text67       001428
___awmod@counter                        cstackCOMRAM 000005
___awmod@dividend                       cstackCOMRAM 000001
___awmod@divisor                        cstackCOMRAM 000003
___awmod@sign                           cstackCOMRAM 000006
___inthi_sp                             stack        000000
___intlo_sp                             stack        000000
___lldiv                                text51       001100
___lldiv@counter                        cstackBANK0  00008C
___lldiv@dividend                       cstackBANK0  000080
___lldiv@divisor                        cstackBANK0  000084
___lldiv@quotient                       cstackBANK0  000088
___lwdiv                                text38       0012D0
___lwdiv@counter                        cstackBANK0  000084
___lwdiv@dividend                       cstackBANK0  000080
___lwdiv@divisor                        cstackBANK0  000082
___lwdiv@quotient                       cstackBANK0  000085
___lwmod                                text37       001634
___lwmod@counter                        cstackBANK0  00008B
___lwmod@dividend                       cstackBANK0  000087
___lwmod@divisor                        cstackBANK0  000089
___param_bank                           (abs)        000000
___rparam_used                          (abs)        000001
___sp                                   stack        000000
___wmul                                 text43       001984
___wmul@multiplicand                    cstackBANK0  00008A
___wmul@multiplier                      cstackBANK0  000088
___wmul@product                         cstackBANK0  00008C
__accesstop                             (abs)        000080
__activetblptr                          (abs)        000003
__end_of_I2C_Master_Init                text50       0016F6
__end_of_I2C_Master_Read                text48       001A1A
__end_of_I2C_Master_Start               text47       001DC4
__end_of_I2C_Master_Stop                text46       001DBC
__end_of_I2C_Master_Wait                text49       001CF2
__end_of_I2C_Master_Write               text45       001DB4
__end_of___awdiv                        text44       001100
__end_of___awmod                        text67       001498
__end_of___lldiv                        text51       0011BC
__end_of___lwdiv                        text38       001348
__end_of___lwmod                        text37       001696
__end_of___wmul                         text43       0019BA
__end_of__initialization                cinit        001BBA
__end_of_bottom_distribution_idle       text27       001A46
__end_of_bottom_distribution_initial    text20       001D92
__end_of_bottom_distribution_motor_ccw  text30       001B7C
__end_of_bottom_distribution_motor_cw   text29       001B56
__end_of_bottom_distribution_move       text26       001C64
__end_of_bottom_distribution_prepare    text28       001C84
__end_of_bottom_rocker_idle             text22       001502
__end_of_bottom_rocker_initial          text19       001D84
__end_of_bottom_rocker_motor_ccw        text25       001428
__end_of_bottom_rocker_motor_cw         text24       001B30
__end_of_bottom_rocker_release          text21       001D28
__end_of_bottom_rocker_restore          text23       001D3A
__end_of_done_sorting                   text42       000C92
__end_of_dpowers                        mediumconst  00FF04
__end_of_go_back                        text15       001C44
__end_of_hexpowers                      mediumconst  00FF0C
__end_of_initLCD                        text39       001888
__end_of_initialization                 text16       00156A
__end_of_isdigit                        text36       001A70
__end_of_keypressed                     intcode_body 0009FE
__end_of_keys                           mediumconst  00FEFA
__end_of_lcdInst                        text40       001D5A
__end_of_lcdNibble                      text41       0015D2
__end_of_main                           text0        00124C
__end_of_op_time                        text56       00183E
__end_of_pop_out                        text14       001C24
__end_of_pop_results                    text55       001984
__end_of_printf                         text34       0003F0
__end_of_putch                          text35       001D4A
__end_of_real_time                      mediumconst  00FF13
__end_of_results                        text33       000E08
__end_of_set_time                       text32       001634
__end_of_solenoids_back                 text3        0017EE
__end_of_solenoids_out                  text4        001D04
__end_of_standby                        text31       000F64
__end_of_startSorting                   text1        001042
__end_of_tin_results                    text54       00194A
__end_of_top_distribution_idle          text10       0019EC
__end_of_top_distribution_initial       text18       001D76
__end_of_top_distribution_motor_ccw     text13       001B0A
__end_of_top_distribution_motor_cw      text12       001AE4
__end_of_top_distribution_move          text9        001BE4
__end_of_top_distribution_prepare       text11       001C04
__end_of_top_rocker_idle                text5        001A98
__end_of_top_rocker_initial             text17       001D68
__end_of_top_rocker_motor_ccw           text8        0013B8
__end_of_top_rocker_motor_cw            text7        001ABE
__end_of_top_rocker_release             text2        001CDE
__end_of_top_rocker_restore             text6        001D16
__end_of_tot_sorted                     text53       001CA4
__end_ofi2___awdiv                      text66       0012D0
__end_ofi2___lwdiv                      text62       00179E
__end_ofi2___lwmod                      text61       001910
__end_ofi2___wmul                       text60       001BA2
__end_ofi2_initLCD                      text63       0018CE
__end_ofi2_isdigit                      text59       001CC2
__end_ofi2_lcdInst                      text64       001DAA
__end_ofi2_lcdNibble                    text65       00174C
__end_ofi2_printf                       text57       000726
__end_ofi2_putch                        text58       001D9E
__initialization                        cinit        001BA2
__mediumconst                           mediumconst  00FEE8
__pbssBANK0                             bssBANK0     0000AB
__pbssCOMRAM                            bssCOMRAM    00003F
__pcinit                                cinit        001BA2
__pcstackBANK0                          cstackBANK0  000080
__pcstackCOMRAM                         cstackCOMRAM 000001
__pintcode                              intcode      000008
__pintcode_body                         intcode_body 000726
__pmediumconst                          mediumconst  00FEE8
__ptext0                                text0        0011BC
__ptext1                                text1        000F64
__ptext10                               text10       0019BA
__ptext11                               text11       001BE4
__ptext12                               text12       001ABE
__ptext13                               text13       001AE4
__ptext14                               text14       001C04
__ptext15                               text15       001C24
__ptext16                               text16       001502
__ptext17                               text17       001D5A
__ptext18                               text18       001D68
__ptext19                               text19       001D76
__ptext2                                text2        001CC2
__ptext20                               text20       001D84
__ptext21                               text21       001D16
__ptext22                               text22       001498
__ptext23                               text23       001D28
__ptext24                               text24       001B0A
__ptext25                               text25       0013B8
__ptext26                               text26       001C44
__ptext27                               text27       001A1A
__ptext28                               text28       001C64
__ptext29                               text29       001B30
__ptext3                                text3        00179E
__ptext30                               text30       001B56
__ptext31                               text31       000E08
__ptext32                               text32       0015D2
__ptext33                               text33       000C92
__ptext34                               text34       000012
__ptext35                               text35       001D3A
__ptext36                               text36       001A46
__ptext37                               text37       001634
__ptext38                               text38       0012D0
__ptext39                               text39       00183E
__ptext4                                text4        001CF2
__ptext40                               text40       001D4A
__ptext41                               text41       00156A
__ptext42                               text42       0009FE
__ptext43                               text43       001984
__ptext44                               text44       001042
__ptext45                               text45       001DAA
__ptext46                               text46       001DB4
__ptext47                               text47       001DBC
__ptext48                               text48       0019EC
__ptext49                               text49       001CDE
__ptext5                                text5        001A70
__ptext50                               text50       001696
__ptext51                               text51       001100
__ptext53                               text53       001C84
__ptext54                               text54       001910
__ptext55                               text55       00194A
__ptext56                               text56       0017EE
__ptext57                               text57       0003F0
__ptext58                               text58       001D92
__ptext59                               text59       001CA4
__ptext6                                text6        001D04
__ptext60                               text60       001B7C
__ptext61                               text61       0018CE
__ptext62                               text62       00174C
__ptext63                               text63       001888
__ptext64                               text64       001D9E
__ptext65                               text65       0016F6
__ptext66                               text66       00124C
__ptext67                               text67       001428
__ptext68                               text68       000000
__ptext7                                text7        001A98
__ptext8                                text8        001348
__ptext9                                text9        001BC4
__ramtop                                ramtop       001000
__size_of_I2C_Master_Init               (abs)        000000
__size_of_I2C_Master_Read               (abs)        000000
__size_of_I2C_Master_Start              (abs)        000000
__size_of_I2C_Master_Stop               (abs)        000000
__size_of_I2C_Master_Wait               (abs)        000000
__size_of_I2C_Master_Write              (abs)        000000
__size_of___awdiv                       (abs)        000000
__size_of___awmod                       (abs)        000000
__size_of___lldiv                       (abs)        000000
__size_of___lwdiv                       (abs)        000000
__size_of___lwmod                       (abs)        000000
__size_of___wmul                        (abs)        000000
__size_of_bottom_distribution_idle      (abs)        000000
__size_of_bottom_distribution_initial   (abs)        000000
__size_of_bottom_distribution_motor_ccw (abs)        000000
__size_of_bottom_distribution_motor_cw  (abs)        000000
__size_of_bottom_distribution_move      (abs)        000000
__size_of_bottom_distribution_prepare   (abs)        000000
__size_of_bottom_rocker_idle            (abs)        000000
__size_of_bottom_rocker_initial         (abs)        000000
__size_of_bottom_rocker_motor_ccw       (abs)        000000
__size_of_bottom_rocker_motor_cw        (abs)        000000
__size_of_bottom_rocker_release         (abs)        000000
__size_of_bottom_rocker_restore         (abs)        000000
__size_of_done_sorting                  (abs)        000000
__size_of_go_back                       (abs)        000000
__size_of_initLCD                       (abs)        000000
__size_of_initialization                (abs)        000000
__size_of_isdigit                       (abs)        000000
__size_of_keypressed                    (abs)        000000
__size_of_lcdInst                       (abs)        000000
__size_of_lcdNibble                     (abs)        000000
__size_of_main                          (abs)        000000
__size_of_op_time                       (abs)        000000
__size_of_pop_out                       (abs)        000000
__size_of_pop_results                   (abs)        000000
__size_of_printf                        (abs)        000000
__size_of_putch                         (abs)        000000
__size_of_results                       (abs)        000000
__size_of_set_time                      (abs)        000000
__size_of_solenoids_back                (abs)        000000
__size_of_solenoids_out                 (abs)        000000
__size_of_standby                       (abs)        000000
__size_of_startSorting                  (abs)        000000
__size_of_tin_results                   (abs)        000000
__size_of_top_distribution_idle         (abs)        000000
__size_of_top_distribution_initial      (abs)        000000
__size_of_top_distribution_motor_ccw    (abs)        000000
__size_of_top_distribution_motor_cw     (abs)        000000
__size_of_top_distribution_move         (abs)        000000
__size_of_top_distribution_prepare      (abs)        000000
__size_of_top_rocker_idle               (abs)        000000
__size_of_top_rocker_initial            (abs)        000000
__size_of_top_rocker_motor_ccw          (abs)        000000
__size_of_top_rocker_motor_cw           (abs)        000000
__size_of_top_rocker_release            (abs)        000000
__size_of_top_rocker_restore            (abs)        000000
__size_of_tot_sorted                    (abs)        000000
__size_ofi2___awdiv                     (abs)        000000
__size_ofi2___lwdiv                     (abs)        000000
__size_ofi2___lwmod                     (abs)        000000
__size_ofi2___wmul                      (abs)        000000
__size_ofi2_initLCD                     (abs)        000000
__size_ofi2_isdigit                     (abs)        000000
__size_ofi2_lcdInst                     (abs)        000000
__size_ofi2_lcdNibble                   (abs)        000000
__size_ofi2_printf                      (abs)        000000
__size_ofi2_putch                       (abs)        000000
__smallconst                            smallconst   000000
_bottomDistributionState                bssBANK0     0000CC
_bottomRockerState                      bssBANK0     0000CA
_bottom_distribution_idle               text27       001A1A
_bottom_distribution_initial            text20       001D84
_bottom_distribution_motor_ccw          text30       001B56
_bottom_distribution_motor_cw           text29       001B30
_bottom_distribution_move               text26       001C44
_bottom_distribution_prepare            text28       001C64
_bottom_move                            bssCOMRAM    000049
_bottom_rocker_idle                     text22       001498
_bottom_rocker_initial                  text19       001D76
_bottom_rocker_motor_ccw                text25       0013B8
_bottom_rocker_motor_cw                 text24       001B0A
_bottom_rocker_release                  text21       001D16
_bottom_rocker_restore                  text23       001D28
_done_sorting                           text42       0009FE
_done_sorting$1733                      cstackBANK0  000093
_dpowers                                mediumconst  00FEFA
_fsm1                                   bssBANK0     0000BC
_fsm2                                   bssBANK0     0000C8
_go_back                                text15       001C24
_hexpowers                              mediumconst  00FF04
_initLCD                                text39       00183E
_initialization                         text16       001502
_isdigit                                text36       001A46
_isdigit$1388                           cstackBANK0  000081
_keypressed                             intcode      000008
_keys                                   mediumconst  00FEE9
_labeled                                bssCOMRAM    000047
_lcdInst                                text40       001D4A
_lcdNibble                              text41       00156A
_main                                   text0        0011BC
_op_time                                text56       0017EE
_operation_time                         bssCOMRAM    000045
_pop_can                                bssBANK0     0000C2
_pop_can_tab                            bssBANK0     0000C0
_pop_out                                text14       001C04
_pop_results                            text55       00194A
_printf                                 text34       000012
_putch                                  text35       001D3A
_real_time                              mediumconst  00FF0C
_results                                text33       000C92
_set_time                               text32       0015D2
_solenoids_back                         text3        00179E
_solenoids_out                          text4        001CF2
_standby                                text31       000E08
_startSorting                           text1        000F64
_start_bottom_distribution              bssCOMRAM    00004B
_start_top_distribution                 bssBANK0     0000BE
_tabed                                  bssCOMRAM    000041
_time                                   bssBANK0     0000AB
_tin_can                                bssBANK0     0000C4
_tin_can_label                          bssBANK0     0000C6
_tin_results                            text54       001910
_topDistributionState                   bssBANK0     0000CE
_topRockerState                         bssBANK0     0000D0
_top_distribution_idle                  text10       0019BA
_top_distribution_initial               text18       001D68
_top_distribution_motor_ccw             text13       001AE4
_top_distribution_motor_cw              text12       001ABE
_top_distribution_move                  text9        001BC4
_top_distribution_prepare               text11       001BE4
_top_move                               bssCOMRAM    00003F
_top_rocker_idle                        text5        001A70
_top_rocker_initial                     text17       001D5A
_top_rocker_motor_ccw                   text8        001348
_top_rocker_motor_cw                    text7        001A98
_top_rocker_release                     text2        001CC2
_top_rocker_restore                     text6        001D04
_tot                                    bssCOMRAM    000043
_tot_sorted                             text53       001C84
_total_end                              bssBANK0     0000B2
_total_start                            bssBANK0     0000B6
bottom_rocker_motor_ccw@k               cstackBANK0  000082
btemp                                   temp         00004D
done_sorting@End_time                   cstackBANK0  000098
done_sorting@i                          cstackBANK0  000097
done_sorting@total_second               cstackBANK0  000095
end_of_initialization                   cinit        001BBA
i2___awdiv                              text66       00124C
i2___awdiv@counter                      cstackCOMRAM 000005
i2___awdiv@dividend                     cstackCOMRAM 000001
i2___awdiv@divisor                      cstackCOMRAM 000003
i2___awdiv@quotient                     cstackCOMRAM 000007
i2___awdiv@sign                         cstackCOMRAM 000006
i2___lwdiv                              text62       00174C
i2___lwdiv@counter                      cstackCOMRAM 000007
i2___lwdiv@dividend                     cstackCOMRAM 000001
i2___lwdiv@divisor                      cstackCOMRAM 000003
i2___lwdiv@quotient                     cstackCOMRAM 000005
i2___lwmod                              text61       0018CE
i2___lwmod@counter                      cstackCOMRAM 00000C
i2___lwmod@dividend                     cstackCOMRAM 000008
i2___lwmod@divisor                      cstackCOMRAM 00000A
i2___wmul                               text60       001B7C
i2___wmul@multiplicand                  cstackCOMRAM 000003
i2___wmul@multiplier                    cstackCOMRAM 000001
i2___wmul@product                       cstackCOMRAM 000005
i2_initLCD                              text63       001888
i2_isdigit                              text59       001CA4
i2_isdigit$1388                         cstackCOMRAM 000002
i2_lcdInst                              text64       001D9E
i2_lcdNibble                            text65       0016F6
i2_printf                               text57       0003F0
i2_putch                                text58       001D92
i2isdigit@c                             cstackCOMRAM 000003
i2lcdInst@data                          cstackCOMRAM 000003
i2lcdNibble@data                        cstackCOMRAM 000002
i2lcdNibble@temp                        cstackCOMRAM 000001
i2printf@ap                             cstackCOMRAM 000018
i2printf@c                              cstackCOMRAM 000020
i2printf@f                              cstackCOMRAM 00000D
i2printf@flag                           cstackCOMRAM 00001D
i2printf@idx                            cstackCOMRAM 000017
i2printf@prec                           cstackCOMRAM 00001A
i2printf@val                            cstackCOMRAM 00001B
i2printf@width                          cstackCOMRAM 00001E
i2putch@data                            cstackCOMRAM 000003
initialization@i                        cstackBANK0  0000A6
int$flags                               temp         00004D
int_func                                intcode_body 000726
intlevel0                               text         000000
intlevel1                               text         000000
intlevel2                               text         000000
intlevel3                               text         000000
isdigit@c                               cstackBANK0  000082
keypressed@i                            cstackCOMRAM 000032
keypressed@i_333                        cstackCOMRAM 000033
keypressed@i_334                        cstackCOMRAM 000034
keypressed@i_335                        cstackCOMRAM 000035
keypressed@i_336                        cstackCOMRAM 000036
keypressed@i_337                        cstackCOMRAM 000037
keypressed@i_338                        cstackCOMRAM 000038
keypressed@i_339                        cstackCOMRAM 000039
keypressed@i_340                        cstackCOMRAM 00003A
keypressed@i_341                        cstackCOMRAM 00003B
keypressed@i_342                        cstackCOMRAM 00003C
keypressed@i_343                        cstackCOMRAM 00003D
keypressed@keypress                     cstackCOMRAM 000031
keypressed@keypress_temp                cstackCOMRAM 00003E
lcdInst@data                            cstackBANK0  000082
lcdNibble@data                          cstackBANK0  000081
lcdNibble@temp                          cstackBANK0  000080
printf@ap                               cstackBANK0  00009B
printf@c                                cstackBANK0  0000A3
printf@f                                cstackBANK0  00008E
printf@flag                             cstackBANK0  0000A0
printf@idx                              cstackBANK0  00009A
printf@prec                             cstackBANK0  00009D
printf@val                              cstackBANK0  00009E
printf@width                            cstackBANK0  0000A1
putch@data                              cstackBANK0  000082
results@i                               cstackBANK0  0000A8
results@i_765                           cstackBANK0  0000A9
results@i_767                           cstackBANK0  0000AA
results@keypress                        cstackBANK0  0000A6
results@keypress_temp                   cstackBANK0  0000A7
set_time@i                              cstackBANK0  000083
stackhi                                 (abs)        000F7F
stacklo                                 (abs)        0000D2
standby@i                               cstackBANK0  0000A9
standby@i_741                           cstackBANK0  0000A8
standby@keypress                        cstackBANK0  0000A6
standby@keypress_temp                   cstackBANK0  0000A7
start                                   init         00000E
startSorting@i                          cstackBANK0  0000A9
start_initialization                    cinit        001BA2
top_rocker_motor_ccw@j                  cstackBANK0  000082


FUNCTION INFORMATION:

 *************** function _main *****************
 Defined at:
		line 82 in file "main.c"
 Parameters:    Size  Location     Type
		None
 Auto vars:     Size  Location     Type
		None
 Return value:  Size  Location     Type
                  1    wreg      void 
 Registers used:
		wreg, fsr2l, fsr2h, status,2, status,0, pclath, tosl, tblptrl, tblptrh, tblptru, prodl, prodh, cstack
 Tracked objects:
		On entry : 
		On exit  : 
		Unchanged: 
 Data sizes:     COMRAM   BANK0   BANK1   BANK2   BANK3   BANK4   BANK5   BANK6   BANK7   BANK8   BANK9  BANK10  BANK11  BANK12  BANK13  BANK14  BANK15
      Params:         0       0       0       0       0       0       0       0       0       0       0       0       0       0       0       0       0
      Locals:         0       0       0       0       0       0       0       0       0       0       0       0       0       0       0       0       0
      Temps:          0       0       0       0       0       0       0       0       0       0       0       0       0       0       0       0       0
      Totals:         0       0       0       0       0       0       0       0       0       0       0       0       0       0       0       0       0
Total ram usage:        0 bytes
 Hardware stack levels required when called:   10
 This function calls:
		_I2C_Master_Init
		_done_sorting
		_initLCD
		_results
		_set_time
		_standby
		_startSorting
 This function is called by:
		Startup code after reset
 This function uses a non-reentrant model


 *************** function _startSorting *****************
 Defined at:
		line 80 in file "operation.c"
 Parameters:    Size  Location     Type
		None
 Auto vars:     Size  Location     Type
  i               1   41[BANK0 ] unsigned char 
 Return value:  Size  Location     Type
                  1    wreg      void 
 Registers used:
		wreg, fsr2l, fsr2h, status,2, status,0, pclath, tosl, tblptrl, tblptrh, tblptru, prodl, prodh, cstack
 Tracked objects:
		On entry : 
		On exit  : 
		Unchanged: 
 Data sizes:     COMRAM   BANK0   BANK1   BANK2   BANK3   BANK4   BANK5   BANK6   BANK7   BANK8   BANK9  BANK10  BANK11  BANK12  BANK13  BANK14  BANK15
      Params:         0       0       0       0       0       0       0       0       0       0       0       0       0       0       0       0       0
      Locals:         0       1       0       0       0       0       0       0       0       0       0       0       0       0       0       0       0
      Temps:          0       2       0       0       0       0       0       0       0       0       0       0       0       0       0       0       0
      Totals:         0       3       0       0       0       0       0       0       0       0       0       0       0       0       0       0       0
Total ram usage:        3 bytes
 Hardware stack levels used:    1
 Hardware stack levels required when called:    9
 This function calls:
		Absolute function
		_bottom_distribution_idle
		_bottom_distribution_move
		_bottom_distribution_prepare
		_bottom_rocker_idle
		_bottom_rocker_release
		_bottom_rocker_restore
		_initLCD
		_initialization
		_lcdInst
		_printf
		_solenoids_back
		_solenoids_out
		_top_distribution_idle
		_top_distribution_move
		_top_distribution_prepare
		_top_rocker_idle
		_top_rocker_release
		_top_rocker_restore
 This function is called by:
		_main
 This function uses a non-reentrant model


 *************** function _top_rocker_release *****************
 Defined at:
		line 139 in file "top_rocker_fsm.c"
 Parameters:    Size  Location     Type
		None
 Auto vars:     Size  Location     Type
		None
 Return value:  Size  Location     Type
                  1    wreg      void 
 Registers used:
		wreg, status,2, status,0, cstack
 Tracked objects:
		On entry : 
		On exit  : 
		Unchanged: 
 Data sizes:     COMRAM   BANK0   BANK1   BANK2   BANK3   BANK4   BANK5   BANK6   BANK7   BANK8   BANK9  BANK10  BANK11  BANK12  BANK13  BANK14  BANK15
      Params:         0       0       0       0       0       0       0       0       0       0       0       0       0       0       0       0       0
      Locals:         0       0       0       0       0       0       0       0       0       0       0       0       0       0       0       0       0
      Temps:          0       0       0       0       0       0       0       0       0       0       0       0       0       0       0       0       0
      Totals:         0       0       0       0       0       0       0       0       0       0       0       0       0       0       0       0       0
Total ram usage:        0 bytes
 Hardware stack levels used:    1
 Hardware stack levels required when called:    6
 This function calls:
		_top_rocker_motor_ccw
 This function is called by:
		_solenoids_back
		_startSorting
 This function uses a non-reentrant model


 *************** function _solenoids_back *****************
 Defined at:
		line 99 in file "top_rocker_fsm.c"
 Parameters:    Size  Location     Type
		None
 Auto vars:     Size  Location     Type
		None
 Return value:  Size  Location     Type
                  1    wreg      void 
 Registers used:
		wreg, status,2, status,0, cstack
 Tracked objects:
		On entry : 
		On exit  : 
		Unchanged: 
 Data sizes:     COMRAM   BANK0   BANK1   BANK2   BANK3   BANK4   BANK5   BANK6   BANK7   BANK8   BANK9  BANK10  BANK11  BANK12  BANK13  BANK14  BANK15
      Params:         0       0       0       0       0       0       0       0       0       0       0       0       0       0       0       0       0
      Locals:         0       0       0       0       0       0       0       0       0       0       0       0       0       0       0       0       0
      Temps:          0       1       0       0       0       0       0       0       0       0       0       0       0       0       0       0       0
      Totals:         0       1       0       0       0       0       0       0       0       0       0       0       0       0       0       0       0
Total ram usage:        1 bytes
 Hardware stack levels used:    1
 Hardware stack levels required when called:    6
 This function calls:
		_go_back
 This function is called by:
		_solenoids_out
		_startSorting
 This function uses a non-reentrant model


 *************** function _solenoids_out *****************
 Defined at:
		line 89 in file "top_rocker_fsm.c"
 Parameters:    Size  Location     Type
		None
 Auto vars:     Size  Location     Type
		None
 Return value:  Size  Location     Type
                  1    wreg      void 
 Registers used:
		wreg, status,2, status,0, cstack
 Tracked objects:
		On entry : 
		On exit  : 
		Unchanged: 
 Data sizes:     COMRAM   BANK0   BANK1   BANK2   BANK3   BANK4   BANK5   BANK6   BANK7   BANK8   BANK9  BANK10  BANK11  BANK12  BANK13  BANK14  BANK15
      Params:         0       0       0       0       0       0       0       0       0       0       0       0       0       0       0       0       0
      Locals:         0       0       0       0       0       0       0       0       0       0       0       0       0       0       0       0       0
      Temps:          0       0       0       0       0       0       0       0       0       0       0       0       0       0       0       0       0
      Totals:         0       0       0       0       0       0       0       0       0       0       0       0       0       0       0       0       0
Total ram usage:        0 bytes
 Hardware stack levels used:    1
 Hardware stack levels required when called:    6
 This function calls:
		_pop_out
 This function is called by:
		_top_rocker_idle
		_startSorting
 This function uses a non-reentrant model


 *************** function _top_rocker_idle *****************
 Defined at:
		line 50 in file "top_rocker_fsm.c"
 Parameters:    Size  Location     Type
		None
 Auto vars:     Size  Location     Type
		None
 Return value:  Size  Location     Type
                  1    wreg      void 
 Registers used:
		wreg, status,2, status,0, cstack
 Tracked objects:
		On entry : 
		On exit  : 
		Unchanged: 
 Data sizes:     COMRAM   BANK0   BANK1   BANK2   BANK3   BANK4   BANK5   BANK6   BANK7   BANK8   BANK9  BANK10  BANK11  BANK12  BANK13  BANK14  BANK15
      Params:         0       0       0       0       0       0       0       0       0       0       0       0       0       0       0       0       0
      Locals:         0       0       0       0       0       0       0       0       0       0       0       0       0       0       0       0       0
      Temps:          0       0       0       0       0       0       0       0       0       0       0       0       0       0       0       0       0
      Totals:         0       0       0       0       0       0       0       0       0       0       0       0       0       0       0       0       0
Total ram usage:        0 bytes
 Hardware stack levels used:    1
 Hardware stack levels required when called:    8
 This function calls:
		_initLCD
 This function is called by:
		_top_rocker_initial
		_top_rocker_restore
		_startSorting
 This function uses a non-reentrant model


 *************** function _top_rocker_restore *****************
 Defined at:
		line 155 in file "top_rocker_fsm.c"
 Parameters:    Size  Location     Type
		None
 Auto vars:     Size  Location     Type
		None
 Return value:  Size  Location     Type
                  1    wreg      void 
 Registers used:
		wreg, status,2, status,0, cstack
 Tracked objects:
		On entry : 
		On exit  : 
		Unchanged: 
 Data sizes:     COMRAM   BANK0   BANK1   BANK2   BANK3   BANK4   BANK5   BANK6   BANK7   BANK8   BANK9  BANK10  BANK11  BANK12  BANK13  BANK14  BANK15
      Params:         0       0       0       0       0       0       0       0       0       0       0       0       0       0       0       0       0
      Locals:         0       0       0       0       0       0       0       0       0       0       0       0       0       0       0       0       0
      Temps:          0       0       0       0       0       0       0       0       0       0       0       0       0       0       0       0       0
      Totals:         0       0       0       0       0       0       0       0       0       0       0       0       0       0       0       0       0
Total ram usage:        0 bytes
 Hardware stack levels used:    1
 Hardware stack levels required when called:    6
 This function calls:
		_top_rocker_motor_cw
 This function is called by:
		_top_rocker_release
		_startSorting
 This function uses a non-reentrant model


 *************** function _top_rocker_motor_cw *****************
 Defined at:
		line 25 in file "motors.c"
 Parameters:    Size  Location     Type
		None
 Auto vars:     Size  Location     Type
		None
 Return value:  Size  Location     Type
                  1    wreg      void 
 Registers used:
		wreg
 Tracked objects:
		On entry : 
		On exit  : 
		Unchanged: 
 Data sizes:     COMRAM   BANK0   BANK1   BANK2   BANK3   BANK4   BANK5   BANK6   BANK7   BANK8   BANK9  BANK10  BANK11  BANK12  BANK13  BANK14  BANK15
      Params:         0       0       0       0       0       0       0       0       0       0       0       0       0       0       0       0       0
      Locals:         0       0       0       0       0       0       0       0       0       0       0       0       0       0       0       0       0
      Temps:          0       2       0       0       0       0       0       0       0       0       0       0       0       0       0       0       0
      Totals:         0       2       0       0       0       0       0       0       0       0       0       0       0       0       0       0       0
Total ram usage:        2 bytes
 Hardware stack levels used:    1
 Hardware stack levels required when called:    5
 This function calls:
		Nothing
 This function is called by:
		_top_rocker_restore
 This function uses a non-reentrant model


 *************** function _top_rocker_motor_ccw *****************
 Defined at:
		line 39 in file "motors.c"
 Parameters:    Size  Location     Type
		None
 Auto vars:     Size  Location     Type
  j               2    2[BANK0 ] int 
 Return value:  Size  Location     Type
                  1    wreg      void 
 Registers used:
		wreg, status,2, status,0
 Tracked objects:
		On entry : 
		On exit  : 
		Unchanged: 
 Data sizes:     COMRAM   BANK0   BANK1   BANK2   BANK3   BANK4   BANK5   BANK6   BANK7   BANK8   BANK9  BANK10  BANK11  BANK12  BANK13  BANK14  BANK15
      Params:         0       0       0       0       0       0       0       0       0       0       0       0       0       0       0       0       0
[...]
		On entry : 
		On exit  : 
		Unchanged: 
 Data sizes:     COMRAM   BANK0   BANK1   BANK2   BANK3   BANK4   BANK5   BANK6   BANK7   BANK8   BANK9  BANK10  BANK11  BANK12  BANK13  BANK14  BANK15
      Params:         0       0       0       0       0       0       0       0       0       0       0       0       0       0       0       0       0
      Locals:         1       0       0       0       0       0       0       0       0       0       0       0       0       0       0       0       0
      Temps:          0       0       0       0       0       0       0       0       0       0       0       0       0       0       0       0       0
      Totals:         1       0       0       0       0       0       0       0       0       0       0       0       0       0       0       0       0
Total ram usage:        1 bytes
 Hardware stack levels used:    1
 Hardware stack levels required when called:    1
 This function calls:
		i2_lcdNibble
 This function is called by:
		i2_printf
 This function uses a non-reentrant model


 *************** function i2_isdigit *****************
 Defined at:
		line 8 in file "/Applications/microchip/xc8/v1.41/sources/common/isdigit.c"
 Parameters:    Size  Location     Type
  c               1    wreg     unsigned char 
 Auto vars:     Size  Location     Type
  c               1    2[COMRAM] unsigned char 
 Return value:  Size  Location     Type
		None               void
 Registers used:
		wreg, status,2, status,0
 Tracked objects:
		On entry : 
		On exit  : 
		Unchanged: 
 Data sizes:     COMRAM   BANK0   BANK1   BANK2   BANK3   BANK4   BANK5   BANK6   BANK7   BANK8   BANK9  BANK10  BANK11  BANK12  BANK13  BANK14  BANK15
      Params:         0       0       0       0       0       0       0       0       0       0       0       0       0       0       0       0       0
      Locals:         2       0       0       0       0       0       0       0       0       0       0       0       0       0       0       0       0
      Temps:          1       0       0       0       0       0       0       0       0       0       0       0       0       0       0       0       0
      Totals:         3       0       0       0       0       0       0       0       0       0       0       0       0       0       0       0       0
Total ram usage:        3 bytes
 Hardware stack levels used:    1
 This function calls:
		Nothing
 This function is called by:
		i2_printf
 This function uses a non-reentrant model


 *************** function i2___wmul *****************
 Defined at:
		line 15 in file "/Applications/microchip/xc8/v1.41/sources/common/Umul16.c"
 Parameters:    Size  Location     Type
  multiplier      2    0[COMRAM] unsigned int 
  multiplicand    2    2[COMRAM] unsigned int 
 Auto vars:     Size  Location     Type
  __wmul          2    4[COMRAM] unsigned int 
 Return value:  Size  Location     Type
                  2    0[COMRAM] unsigned int 
 Registers used:
		wreg, status,2, status,0, prodl, prodh
 Tracked objects:
		On entry : 
		On exit  : 
		Unchanged: 
 Data sizes:     COMRAM   BANK0   BANK1   BANK2   BANK3   BANK4   BANK5   BANK6   BANK7   BANK8   BANK9  BANK10  BANK11  BANK12  BANK13  BANK14  BANK15
      Params:         4       0       0       0       0       0       0       0       0       0       0       0       0       0       0       0       0
      Locals:         2       0       0       0       0       0       0       0       0       0       0       0       0       0       0       0       0
      Temps:          0       0       0       0       0       0       0       0       0       0       0       0       0       0       0       0       0
      Totals:         6       0       0       0       0       0       0       0       0       0       0       0       0       0       0       0       0
Total ram usage:        6 bytes
 Hardware stack levels used:    1
 This function calls:
		Nothing
 This function is called by:
		i2_printf
 This function uses a non-reentrant model


 *************** function i2___lwmod *****************
 Defined at:
		line 8 in file "/Applications/microchip/xc8/v1.41/sources/common/lwmod.c"
 Parameters:    Size  Location     Type
  dividend        2    7[COMRAM] unsigned int 
  divisor         2    9[COMRAM] unsigned int 
 Auto vars:     Size  Location     Type
  __lwmod         1   11[COMRAM] unsigned char 
 Return value:  Size  Location     Type
                  2    7[COMRAM] unsigned int 
 Registers used:
		wreg, status,2, status,0
 Tracked objects:
		On entry : 
		On exit  : 
		Unchanged: 
 Data sizes:     COMRAM   BANK0   BANK1   BANK2   BANK3   BANK4   BANK5   BANK6   BANK7   BANK8   BANK9  BANK10  BANK11  BANK12  BANK13  BANK14  BANK15
      Params:         4       0       0       0       0       0       0       0       0       0       0       0       0       0       0       0       0
      Locals:         1       0       0       0       0       0       0       0       0       0       0       0       0       0       0       0       0
      Temps:          0       0       0       0       0       0       0       0       0       0       0       0       0       0       0       0       0
      Totals:         5       0       0       0       0       0       0       0       0       0       0       0       0       0       0       0       0
Total ram usage:        5 bytes
 Hardware stack levels used:    1
 This function calls:
		Nothing
 This function is called by:
		i2_printf
 This function uses a non-reentrant model


 *************** function i2___lwdiv *****************
 Defined at:
		line 8 in file "/Applications/microchip/xc8/v1.41/sources/common/lwdiv.c"
 Parameters:    Size  Location     Type
  dividend        2    0[COMRAM] unsigned int 
  divisor         2    2[COMRAM] unsigned int 
 Auto vars:     Size  Location     Type
  __lwdiv         2    4[COMRAM] unsigned int 
  __lwdiv         1    6[COMRAM] unsigned char 
 Return value:  Size  Location     Type
                  2    0[COMRAM] unsigned int 
 Registers used:
		wreg, status,2, status,0
 Tracked objects:
		On entry : 
		On exit  : 
		Unchanged: 
 Data sizes:     COMRAM   BANK0   BANK1   BANK2   BANK3   BANK4   BANK5   BANK6   BANK7   BANK8   BANK9  BANK10  BANK11  BANK12  BANK13  BANK14  BANK15
      Params:         4       0       0       0       0       0       0       0       0       0       0       0       0       0       0       0       0
      Locals:         3       0       0       0       0       0       0       0       0       0       0       0       0       0       0       0       0
      Temps:          0       0       0       0       0       0       0       0       0       0       0       0       0       0       0       0       0
      Totals:         7       0       0       0       0       0       0       0       0       0       0       0       0       0       0       0       0
Total ram usage:        7 bytes
 Hardware stack levels used:    1
 This function calls:
		Nothing
 This function is called by:
		i2_printf
 This function uses a non-reentrant model


 *************** function i2_initLCD *****************
 Defined at:
		line 22 in file "lcd.c"
 Parameters:    Size  Location     Type
		None
 Auto vars:     Size  Location     Type
		None
 Return value:  Size  Location     Type
                  1    wreg      void 
 Registers used:
		wreg, status,2, status,0, cstack
 Tracked objects:
		On entry : 
		On exit  : 
		Unchanged: 
 Data sizes:     COMRAM   BANK0   BANK1   BANK2   BANK3   BANK4   BANK5   BANK6   BANK7   BANK8   BANK9  BANK10  BANK11  BANK12  BANK13  BANK14  BANK15
      Params:         0       0       0       0       0       0       0       0       0       0       0       0       0       0       0       0       0
      Locals:         0       0       0       0       0       0       0       0       0       0       0       0       0       0       0       0       0
      Temps:          1       0       0       0       0       0       0       0       0       0       0       0       0       0       0       0       0
      Totals:         1       0       0       0       0       0       0       0       0       0       0       0       0       0       0       0       0
Total ram usage:        1 bytes
 Hardware stack levels used:    1
 Hardware stack levels required when called:    2
 This function calls:
		i2_lcdInst
 This function is called by:
		_keypressed
		_tot_sorted
		_op_time
		_tin_results
		_pop_results
 This function uses a non-reentrant model


 *************** function i2_lcdInst *****************
 Defined at:
		line 33 in file "lcd.c"
 Parameters:    Size  Location     Type
  data            1    wreg     unsigned char 
 Auto vars:     Size  Location     Type
  data            1    2[COMRAM] unsigned char 
 Return value:  Size  Location     Type
                  1    wreg      void 
 Registers used:
		wreg, status,2, status,0, cstack
 Tracked objects:
		On entry : 
		On exit  : 
		Unchanged: 
 Data sizes:     COMRAM   BANK0   BANK1   BANK2   BANK3   BANK4   BANK5   BANK6   BANK7   BANK8   BANK9  BANK10  BANK11  BANK12  BANK13  BANK14  BANK15
      Params:         0       0       0       0       0       0       0       0       0       0       0       0       0       0       0       0       0
      Locals:         1       0       0       0       0       0       0       0       0       0       0       0       0       0       0       0       0
      Temps:          0       0       0       0       0       0       0       0       0       0       0       0       0       0       0       0       0
      Totals:         1       0       0       0       0       0       0       0       0       0       0       0       0       0       0       0       0
Total ram usage:        1 bytes
 Hardware stack levels used:    1
 Hardware stack levels required when called:    1
 This function calls:
		i2_lcdNibble
 This function is called by:
		_keypressed
		_tot_sorted
		_op_time
		_tin_results
		_pop_results
		i2_initLCD
 This function uses a non-reentrant model


 *************** function i2_lcdNibble *****************
 Defined at:
		line 43 in file "lcd.c"
 Parameters:    Size  Location     Type
  data            1    wreg     unsigned char 
 Auto vars:     Size  Location     Type
  data            1    1[COMRAM] unsigned char 
  lcdNibble       1    0[COMRAM] unsigned char 
 Return value:  Size  Location     Type
                  1    wreg      void 
 Registers used:
		wreg, status,2, status,0
 Tracked objects:
		On entry : 
		On exit  : 
		Unchanged: 
 Data sizes:     COMRAM   BANK0   BANK1   BANK2   BANK3   BANK4   BANK5   BANK6   BANK7   BANK8   BANK9  BANK10  BANK11  BANK12  BANK13  BANK14  BANK15
      Params:         0       0       0       0       0       0       0       0       0       0       0       0       0       0       0       0       0
      Locals:         2       0       0       0       0       0       0       0       0       0       0       0       0       0       0       0       0
      Temps:          0       0       0       0       0       0       0       0       0       0       0       0       0       0       0       0       0
      Totals:         2       0       0       0       0       0       0       0       0       0       0       0       0       0       0       0       0
Total ram usage:        2 bytes
 Hardware stack levels used:    1
 This function calls:
		Nothing
 This function is called by:
		i2_lcdInst
		i2_putch
 This function uses a non-reentrant model


 *************** function i2___awdiv *****************
 Defined at:
		line 8 in file "/Applications/microchip/xc8/v1.41/sources/common/awdiv.c"
 Parameters:    Size  Location     Type
  dividend        2    0[COMRAM] int 
  divisor         2    2[COMRAM] int 
 Auto vars:     Size  Location     Type
  __awdiv         2    6[COMRAM] int 
  __awdiv         1    5[COMRAM] unsigned char 
  __awdiv         1    4[COMRAM] unsigned char 
 Return value:  Size  Location     Type
                  2    0[COMRAM] int 
 Registers used:
		wreg, status,2, status,0
 Tracked objects:
		On entry : 
		On exit  : 
		Unchanged: 
 Data sizes:     COMRAM   BANK0   BANK1   BANK2   BANK3   BANK4   BANK5   BANK6   BANK7   BANK8   BANK9  BANK10  BANK11  BANK12  BANK13  BANK14  BANK15
      Params:         4       0       0       0       0       0       0       0       0       0       0       0       0       0       0       0       0
      Locals:         4       0       0       0       0       0       0       0       0       0       0       0       0       0       0       0       0
      Temps:          0       0       0       0       0       0       0       0       0       0       0       0       0       0       0       0       0
      Totals:         8       0       0       0       0       0       0       0       0       0       0       0       0       0       0       0       0
Total ram usage:        8 bytes
 Hardware stack levels used:    1
 This function calls:
		Nothing
 This function is called by:
		_op_time
 This function uses a non-reentrant model


 *************** function ___awmod *****************
 Defined at:
		line 8 in file "/Applications/microchip/xc8/v1.41/sources/common/awmod.c"
 Parameters:    Size  Location     Type
  dividend        2    0[COMRAM] int 
  divisor         2    2[COMRAM] int 
 Auto vars:     Size  Location     Type
  sign            1    5[COMRAM] unsigned char 
  counter         1    4[COMRAM] unsigned char 
 Return value:  Size  Location     Type
                  2    0[COMRAM] int 
 Registers used:
		wreg, status,2, status,0
 Tracked objects:
		On entry : 
		On exit  : 
		Unchanged: 
 Data sizes:     COMRAM   BANK0   BANK1   BANK2   BANK3   BANK4   BANK5   BANK6   BANK7   BANK8   BANK9  BANK10  BANK11  BANK12  BANK13  BANK14  BANK15
      Params:         4       0       0       0       0       0       0       0       0       0       0       0       0       0       0       0       0
      Locals:         2       0       0       0       0       0       0       0       0       0       0       0       0       0       0       0       0
      Temps:          0       0       0       0       0       0       0       0       0       0       0       0       0       0       0       0       0
      Totals:         6       0       0       0       0       0       0       0       0       0       0       0       0       0       0       0       0
Total ram usage:        6 bytes
 Hardware stack levels used:    1
 This function calls:
		Nothing
 This function is called by:
		_op_time
 This function uses a non-reentrant model



MODULE INFORMATION

Module		Function		Class		Link	Load	Size
operation.c
		_results       		CODE           	0C92	0000	375
		_initialization		CODE           	1502	0000	105
		_pop_results   		CODE           	194A	0000	59
		_tot_sorted    		CODE           	1C84	0000	33
		_done_sorting  		CODE           	09FE	0000	661
		_standby       		CODE           	0E08	0000	349
		_startSorting  		CODE           	0F64	0000	223
		_op_time       		CODE           	17EE	0000	81
		_tin_results   		CODE           	1910	0000	59

operation.c estimated size: 1945

motors.c
		_top_rocker_motor_cw		CODE           	1A98	0000	39
		_top_distribution_motor_cw		CODE           	1ABE	0000	39
		_top_distribution_motor_ccw		CODE           	1AE4	0000	39
		_bottom_rocker_motor_ccw		CODE           	13B8	0000	113
		_bottom_rocker_motor_cw		CODE           	1B0A	0000	39
		_top_rocker_motor_ccw		CODE           	1348	0000	113
		_bottom_distribution_motor_cw		CODE           	1B30	0000	39
		_bottom_distribution_motor_ccw		CODE           	1B56	0000	39

motors.c estimated size: 460

/Applications/microchip/xc8/v1.41/sources/common/doprnt.c
		_printf        		CODE           	0012	0000	991

/Applications/microchip/xc8/v1.41/sources/common/doprnt.c estimated size: 991

solenoids.c
		_go_back       		CODE           	1C24	0000	33
		_pop_out       		CODE           	1C04	0000	33

solenoids.c estimated size: 66

/Applications/microchip/xc8/v1.41/sources/common/Umul16.c
		___wmul        		CODE           	1984	0000	55

/Applications/microchip/xc8/v1.41/sources/common/Umul16.c estimated size: 55

I2C.c
		_I2C_Master_Read		CODE           	19EC	0000	47
		_I2C_Master_Wait		CODE           	1CDE	0000	21
		_I2C_Master_Init		CODE           	1696	0000	97
		_I2C_Master_Stop		CODE           	1DB4	0000	9
		_I2C_Master_Write		CODE           	1DAA	0000	11
		_I2C_Master_Start		CODE           	1DBC	0000	9

I2C.c estimated size: 194

/Applications/microchip/xc8/v1.41/sources/common/lwmod.c
		___lwmod       		CODE           	1634	0000	99

/Applications/microchip/xc8/v1.41/sources/common/lwmod.c estimated size: 99

/Applications/microchip/xc8/v1.41/sources/common/awmod.c
		___awmod       		CODE           	1428	0000	113

/Applications/microchip/xc8/v1.41/sources/common/awmod.c estimated size: 113

top_distribution_fsm.c
		_top_distribution_initial		CODE           	1D68	0000	15
		_top_distribution_prepare		CODE           	1BE4	0000	33
		_top_distribution_idle		CODE           	19BA	0000	51
		_top_distribution_move		CODE           	1BC4	0000	33

top_distribution_fsm.c estimated size: 132

/Applications/microchip/xc8/v1.41/sources/common/isdigit.c
		_isdigit       		CODE           	1A46	0000	43

/Applications/microchip/xc8/v1.41/sources/common/isdigit.c estimated size: 43

shared
		i2_printf      		CODE           	03F0	0000	823
		i2_putch       		CODE           	1D92	0000	13
		i2_lcdNibble   		CODE           	16F6	0000	87
		_dpowers       		MEDIUMCONST    	FEFA	0000	11
		i2___lwdiv     		CODE           	174C	0000	83
		i2_isdigit     		CODE           	1CA4	0000	31
		i2___awdiv     		CODE           	124C	0000	133
		_real_time     		MEDIUMCONST    	FF0C	0000	8
		i2___wmul      		CODE           	1B7C	0000	39
		i2___lwmod     		CODE           	18CE	0000	67
		_keys          		MEDIUMCONST    	FEE9	0000	18
		__initialization		CODE           	1BA2	0000	25
		_hexpowers     		MEDIUMCONST    	FF04	0000	9
		i2_lcdInst     		CODE           	1D9E	0000	13
		i2_initLCD     		CODE           	1888	0000	71

shared estimated size: 1431

top_rocker_fsm.c
		_top_rocker_release		CODE           	1CC2	0000	29
		_top_rocker_initial		CODE           	1D5A	0000	15
		_top_rocker_idle		CODE           	1A70	0000	41
		_top_rocker_restore		CODE           	1D04	0000	19
		_solenoids_out 		CODE           	1CF2	0000	19
		_solenoids_back		CODE           	179E	0000	81

top_rocker_fsm.c estimated size: 204

/Applications/microchip/xc8/v1.41/sources/common/lwdiv.c
		___lwdiv       		CODE           	12D0	0000	121

/Applications/microchip/xc8/v1.41/sources/common/lwdiv.c estimated size: 121

/Applications/microchip/xc8/v1.41/sources/common/awdiv.c
		___awdiv       		CODE           	1042	0000	191

/Applications/microchip/xc8/v1.41/sources/common/awdiv.c estimated size: 191

/Applications/microchip/xc8/v1.41/sources/common/lldiv.c
		___lldiv       		CODE           	1100	0000	189

/Applications/microchip/xc8/v1.41/sources/common/lldiv.c estimated size: 189

Interrupt_ISR.c
		_keypressed    		CODE           	0008	0000	735

Interrupt_ISR.c estimated size: 735

bottom_rocker_fsm.c
		_bottom_rocker_restore		CODE           	1D28	0000	19
		_bottom_rocker_release		CODE           	1D16	0000	19
		_bottom_rocker_initial		CODE           	1D76	0000	15
		_bottom_rocker_idle		CODE           	1498	0000	107

bottom_rocker_fsm.c estimated size: 160

lcd.c
		_putch         		CODE           	1D3A	0000	17
		_lcdInst       		CODE           	1D4A	0000	17
		_lcdNibble     		CODE           	156A	0000	105
		_initLCD       		CODE           	183E	0000	75

lcd.c estimated size: 214

main.c
		_main          		CODE           	11BC	0000	145
		_set_time      		CODE           	15D2	0000	99

main.c estimated size: 244

bottom_distribution_fsm.c
		_bottom_distribution_prepare		CODE           	1C64	0000	33
		_bottom_distribution_move		CODE           	1C44	0000	33
		_bottom_distribution_initial		CODE           	1D84	0000	15
		_bottom_distribution_idle		CODE           	1A1A	0000	45

bottom_distribution_fsm.c estimated size: 126

