Microchip MPLAB XC8 Compiler V1.40 ()

Linker command line:

-W-3 --edf=/Applications/microchip/xc8/v1.40/dat/en_msgs.txt -cs \
  -h+dist/default/production/PIC18_PWM.X.production.sym \
  --cmf=dist/default/production/PIC18_PWM.X.production.cmf -z -Q18F4620 \
  -o/tmp/xcDhuxpID -Mdist/default/production/PIC18_PWM.X.production.map -E1 \
  -ver=XC8 -ASTACK=080h-0f7fh -pstack=STACK -ACODE=00h-0FFFFh \
  -ACONST=00h-0FFFFh -ASMALLCONST=01000h-010FFhx240 \
  -AMEDIUMCONST=01000h-0FFFFh -ACOMRAM=01h-07Fh -AABS1=00h-0F7Fh \
  -ABIGRAM=01h-0F7Fh -ARAM=080h-0FFh,0100h-01FFhx14,0F00h-0F7Fh \
  -ABANK0=080h-0FFh -ABANK1=0100h-01FFh -ABANK2=0200h-02FFh \
  -ABANK3=0300h-03FFh -ABANK4=0400h-04FFh -ABANK5=0500h-05FFh \
  -ABANK6=0600h-06FFh -ABANK7=0700h-07FFh -ABANK8=0800h-08FFh \
  -ABANK9=0900h-09FFh -ABANK10=0A00h-0AFFh -ABANK11=0B00h-0BFFh \
  -ABANK12=0C00h-0CFFh -ABANK13=0D00h-0DFFh -ABANK14=0E00h-0EFFh \
  -ABANK15=0F00h-0F7Fh -ASFR=0F80h-0FFFh \
  -preset_vec=00h,intcode,intcodelo,powerup,init -pramtop=01000h \
  -psmallconst=SMALLCONST -pmediumconst=MEDIUMCONST -pconst=CONST \
  -AFARRAM=00h-00h -ACONFIG=0300000h-030000Dh -pconfig=CONFIG \
  -AIDLOC=0200000h-0200007h -pidloc=IDLOC -AEEDATA=0F00000h-0F003FFh \
  -peeprom_data=EEDATA \
  -prdata=COMRAM,nvrram=COMRAM,nvbit=COMRAM,rbss=COMRAM,rbit=COMRAM \
  -pfarbss=FARRAM,fardata=FARRAM,nvFARRAM=FARRAM \
  -pintsave_regs=BIGRAM,bigbss=BIGRAM,bigdata=BIGRAM -pbss=RAM \
  -pidata=CODE,irdata=CODE,ibigdata=CODE,ifardata=CODE -prparam=COMRAM \
  /tmp/xcyIh4PdO.obj dist/default/production/PIC18_PWM.X.production.obj 

Object code version is 3.11

Machine type is 18F4620

Call graph: (short form)




                Name                               Link     Load   Length Selector   Space Scale
/tmp/xcyIh4PdO.obj
                init                                  0        0        4        0       0
                idloc                            200000   200000        8   200000       0
                config                           300000   300000        E   300000       0
dist/default/production/PIC18_PWM.X.production.obj
                text12                             F958     F958       12     7CAC       0
                text11                             F96A     F96A       1E     7CB5       0
                text10                             FC66     FC66       CC     7E33       0
                text9                              F9E4     F9E4       4E     7CF2       0
                text8                              FBB8     FBB8       AE     7DDC       0
                text7                              F9AC     F9AC       38     7CD6       0
                text6                              FD32     FD32       E6     7E99       0
                text5                              FE18     FE18       F4     7F0C       0
                text4                              FF0C     FF0C       F4     7F86       0
                text3                              F988     F988       24     7CC4       0
                text2                              FB1E     FB1E       9A     7D8F       0
                text1                              FA32     FA32       6A     7D19       0
                text0                              FA9C     FA9C       82     7D4E       0
                cstackCOMRAM                          1        1       3E        1       1
                bssCOMRAM                            43       43        2        1       1
                cinit                              F94E     F94E        A     7CA7       0
                nvCOMRAM                             3F       3F        4        1       1

TOTAL           Name                               Link     Load   Length     Space
        CLASS   STACK          

        CLASS   CODE           
                init                                  0        0        4         0
                text12                             F958     F958       12         0
                text11                             F96A     F96A       1E         0
                text10                             FC66     FC66       CC         0
                text9                              F9E4     F9E4       4E         0
                text8                              FBB8     FBB8       AE         0
                text7                              F9AC     F9AC       38         0
                text6                              FD32     FD32       E6         0
                text5                              FE18     FE18       F4         0
                text4                              FF0C     FF0C       F4         0
                text3                              F988     F988       24         0
                text2                              FB1E     FB1E       9A         0
                text1                              FA32     FA32       6A         0
                text0                              FA9C     FA9C       82         0
                cinit                              F94E     F94E        A         0

        CLASS   CONST          

        CLASS   SMALLCONST     

        CLASS   MEDIUMCONST    

        CLASS   COMRAM         
                cstackCOMRAM                          1        1       3E         1
                bssCOMRAM                            43       43        2         1
                nvCOMRAM                             3F       3F        4         1

        CLASS   ABS1           

        CLASS   BIGRAM         

        CLASS   RAM            

        CLASS   BANK0          

        CLASS   BANK1          

        CLASS   BANK2          

        CLASS   BANK3          

        CLASS   BANK4          

        CLASS   BANK5          

        CLASS   BANK6          

        CLASS   BANK7          

        CLASS   BANK8          

        CLASS   BANK9          

        CLASS   BANK10         

        CLASS   BANK11         

        CLASS   BANK12         

        CLASS   BANK13         

        CLASS   BANK14         

        CLASS   BANK15         

        CLASS   SFR            

        CLASS   FARRAM         

        CLASS   CONFIG         
                config                           300000   300000        E         0

        CLASS   IDLOC          
                idloc                            200000   200000        8         0

        CLASS   EEDATA         



SEGMENTS        Name                           Load    Length   Top    Selector   Space  Class

                reset_vec                      000000  000004  000004         0       0  CODE    
                cstackCOMRAM                   000001  000044  000045         1       1  COMRAM  
                cinit                          00F94E  00000A  00F958      7CA7       0  CODE    
                text12                         00F958  000012  00F96A      7CAC       0  CODE    
                text11                         00F96A  00001E  00F988      7CB5       0  CODE    
                text3                          00F988  000024  00F9AC      7CC4       0  CODE    
                text7                          00F9AC  000038  00F9E4      7CD6       0  CODE    
                text9                          00F9E4  00004E  00FA32      7CF2       0  CODE    
                text1                          00FA32  00006A  00FA9C      7D19       0  CODE    
                text0                          00FA9C  000082  00FB1E      7D4E       0  CODE    
                text2                          00FB1E  00009A  00FBB8      7D8F       0  CODE    
                text8                          00FBB8  0000AE  00FC66      7DDC       0  CODE    
                text10                         00FC66  0000CC  00FD32      7E33       0  CODE    
                text6                          00FD32  0000E6  00FE18      7E99       0  CODE    
                text5                          00FE18  0000F4  00FF0C      7F0C       0  CODE    
                text4                          00FF0C  0000F4  010000      7F86       0  CODE    
                idloc                          200000  000008  200008    200000       0  IDLOC   
                config                         300000  00000E  30000E    300000       0  CONFIG  


UNUSED ADDRESS RANGES

        Name                Unused          Largest block    Delta
        BANK0            000080-0000FF               80
        BANK1            000100-0001FF              100
        BANK10           000A00-000AFF              100
        BANK11           000B00-000BFF              100
        BANK12           000C00-000CFF              100
        BANK13           000D00-000DFF              100
        BANK14           000E00-000EFF              100
        BANK15           000F00-000F7F               80
        BANK2            000200-0002FF              100
        BANK3            000300-0003FF              100
        BANK4            000400-0004FF              100
        BANK5            000500-0005FF              100
        BANK6            000600-0006FF              100
        BANK7            000700-0007FF              100
        BANK8            000800-0008FF              100
        BANK9            000900-0009FF              100
        BIGRAM           000045-000F7F              F3B
        CODE             000004-00F94D             F94A
        COMRAM           000045-00007F               3B
        CONST            000004-00F94D             F94A
        EEDATA           F00000-F003FF              400
        MEDIUMCONST      001000-00F94D             E94E
        RAM              000080-000F7F              100
        SFR              000F80-000FFF               80
        SMALLCONST       001000-00F94D              100
        STACK            000080-000F7F              F00

                                  Symbol Table

?_PWM_Max_Duty           cstackCOMRAM 00000F
?___aldiv                cstackCOMRAM 000001
?___awtoft               cstackCOMRAM 000015
?___ftdiv                cstackCOMRAM 00000C
?___ftmul                cstackCOMRAM 00001B
?___ftpack               cstackCOMRAM 000001
?___fttol                cstackCOMRAM 00002A
?___lwtoft               cstackCOMRAM 000009
_CCP1M0                  (abs)        007DE8
_CCP1M1                  (abs)        007DE9
_CCP1M2                  (abs)        007DEA
_CCP1M3                  (abs)        007DEB
_CCP1X                   (abs)        007DED
_CCP1Y                   (abs)        007DEC
_CCP2M0                  (abs)        007DD0
_CCP2M1                  (abs)        007DD1
_CCP2M2                  (abs)        007DD2
_CCP2M3                  (abs)        007DD3
_CCP2X                   (abs)        007DD5
_CCP2Y                   (abs)        007DD4
_CCPR1L                  (abs)        000FBE
_CCPR2L                  (abs)        000FBB
_LATB                    (abs)        000F8A
_OSCCON                  (abs)        000FD3
_OSCTUNEbits             (abs)        000F9B
_P1M0                    (abs)        007DEE
_P1M1                    (abs)        007DEF
_PR2                     (abs)        000FCB
_PWM1_Start              text12       00F958
_PWM_Max_Duty            text9        00F9E4
_TMR2ON                  (abs)        007E52
_TRISB                   (abs)        000F93
_TRISC                   (abs)        000F94
_TRISCbits               (abs)        000F94
__CFG_BOREN$SBORDIS      (abs)        000000
__CFG_BORV$3             (abs)        000000
__CFG_CCP2MX$PORTC       (abs)        000000
__CFG_CP0$OFF            (abs)        000000
__CFG_CP1$OFF            (abs)        000000
__CFG_CP2$OFF            (abs)        000000
__CFG_CP3$OFF            (abs)        000000
__CFG_CPB$OFF            (abs)        000000
__CFG_CPD$OFF            (abs)        000000
__CFG_EBTR0$OFF          (abs)        000000
__CFG_EBTR1$OFF          (abs)        000000
__CFG_EBTR2$OFF          (abs)        000000
__CFG_EBTR3$OFF          (abs)        000000
__CFG_EBTRB$OFF          (abs)        000000
__CFG_FCMEN$OFF          (abs)        000000
__CFG_IESO$OFF           (abs)        000000
__CFG_LPT1OSC$OFF        (abs)        000000
__CFG_LVP$OFF            (abs)        000000
__CFG_MCLRE$ON           (abs)        000000
__CFG_OSC$INTIO7         (abs)        000000
__CFG_PBADEN$ON          (abs)        000000
__CFG_PWRT$OFF           (abs)        000000
__CFG_STVREN$ON          (abs)        000000
__CFG_WDT$ON             (abs)        000000
__CFG_WDTPS$32768        (abs)        000000
__CFG_WRT0$OFF           (abs)        000000
__CFG_WRT1$OFF           (abs)        000000
__CFG_WRT2$OFF           (abs)        000000
__CFG_WRT3$OFF           (abs)        000000
__CFG_WRTB$OFF           (abs)        000000
__CFG_WRTC$OFF           (abs)        000000
__CFG_WRTD$OFF           (abs)        000000
__CFG_XINST$OFF          (abs)        000000
__HRAM                   (abs)        000000
__Habs1                  abs1         000000
__Hbank0                 bank0        000000
__Hbank1                 bank1        000000
__Hbank10                bank10       000000
__Hbank11                bank11       000000
__Hbank12                bank12       000000
__Hbank13                bank13       000000
__Hbank14                bank14       000000
__Hbank15                bank15       000000
__Hbank2                 bank2        000000
__Hbank3                 bank3        000000
__Hbank4                 bank4        000000
__Hbank5                 bank5        000000
__Hbank6                 bank6        000000
__Hbank7                 bank7        000000
__Hbank8                 bank8        000000
__Hbank9                 bank9        000000
__Hbigbss                bigbss       000000
__Hbigdata               bigdata      000000
__Hbigram                bigram       000000
__Hbss                   bss          000000
__HbssCOMRAM             bssCOMRAM    000000
__Hcinit                 cinit        000000
__Hclrtext               clrtext      000000
__Hcomram                comram       000000
__Hconfig                config       30000E
__Hconst                 const        000000
__HcstackCOMRAM          cstackCOMRAM 000000
__Hdata                  data         000000
__Heeprom_data           eeprom_data  000000
__Hfarbss                farbss       000000
__Hfardata               fardata      000000
__Hibigdata              ibigdata     000000
__Hidata                 idata        000000
__Hidloc                 idloc        200008
__Hifardata              ifardata     000000
__Hinit                  init         000004
__Hintcode               intcode      000000
__Hintcode_body          intcode_body 000000
__Hintcodelo             intcodelo    000000
__Hintentry              intentry     000000
__Hintret                intret       000000
__Hintsave_regs          intsave_regs 000000
__Hirdata                irdata       000000
__Hmediumconst           mediumconst  000000
__HnvCOMRAM              nvCOMRAM     000000
__HnvFARRAM              nvFARRAM     000000
__Hnvbit                 nvbit        000000
__Hnvrram                nvrram       000000
__Hparam                 rparam       000000
__Hpowerup               powerup      000000
__Hram                   ram          000000
__Hramtop                ramtop       001000
__Hrbit                  rbit         000000
__Hrbss                  rbss         000000
__Hrdata                 rdata        000000
__Hreset_vec             reset_vec    000000
__Hrparam                rparam       000000
__Hsfr                   sfr          000000
__Hsmallconst            smallconst   000000
__Hspace_0               (abs)        30000E
__Hspace_1               (abs)        000045
__Hspace_2               (abs)        000000
__Hstack                 stack        000000
__Hstruct                struct       000000
__Htemp                  temp         000000
__Htext                  text         000000
__Htext0                 text0        000000
__Htext1                 text1        000000
__Htext10                text10       000000
__Htext11                text11       000000
__Htext12                text12       000000
__Htext2                 text2        000000
__Htext3                 text3        000000
__Htext4                 text4        000000
__Htext5                 text5        000000
__Htext6                 text6        000000
__Htext7                 text7        000000
__Htext8                 text8        000000
__Htext9                 text9        000000
__LRAM                   (abs)        000001
__Labs1                  abs1         000000
__Lbank0                 bank0        000000
__Lbank1                 bank1        000000
__Lbank10                bank10       000000
__Lbank11                bank11       000000
__Lbank12                bank12       000000
__Lbank13                bank13       000000
__Lbank14                bank14       000000
__Lbank15                bank15       000000
__Lbank2                 bank2        000000
__Lbank3                 bank3        000000
__Lbank4                 bank4        000000
__Lbank5                 bank5        000000
__Lbank6                 bank6        000000
__Lbank7                 bank7        000000
__Lbank8                 bank8        000000
__Lbank9                 bank9        000000
__Lbigbss                bigbss       000000
__Lbigdata               bigdata      000000
__Lbigram                bigram       000000
__Lbss                   bss          000000
__LbssCOMRAM             bssCOMRAM    000000
__Lcinit                 cinit        000000
__Lclrtext               clrtext      000000
__Lcomram                comram       000000
__Lconfig                config       300000
__Lconst                 const        000000
__LcstackCOMRAM          cstackCOMRAM 000000
__Ldata                  data         000000
__Leeprom_data           eeprom_data  000000
__Lfarbss                farbss       000000
__Lfardata               fardata      000000
__Libigdata              ibigdata     000000
__Lidata                 idata        000000
__Lidloc                 idloc        200000
__Lifardata              ifardata     000000
__Linit                  init         000000
__Lintcode               intcode      000000
__Lintcode_body          intcode_body 000000
__Lintcodelo             intcodelo    000000
__Lintentry              intentry     000000
__Lintret                intret       000000
__Lintsave_regs          intsave_regs 000000
__Lirdata                irdata       000000
__Lmediumconst           mediumconst  000000
__LnvCOMRAM              nvCOMRAM     000000
__LnvFARRAM              nvFARRAM     000000
__Lnvbit                 nvbit        000000
__Lnvrram                nvrram       000000
__Lparam                 rparam       000000
__Lpowerup               powerup      000000
__Lram                   ram          000000
__Lramtop                ramtop       001000
__Lrbit                  rbit         000000
__Lrbss                  rbss         000000
__Lrdata                 rdata        000000
__Lreset_vec             reset_vec    000000
__Lrparam                rparam       000000
__Lsfr                   sfr          000000
__Lsmallconst            smallconst   000000
__Lspace_0               (abs)        000000
__Lspace_1               (abs)        000000
__Lspace_2               (abs)        000000
__Lstack                 stack        000000
__Lstruct                struct       000000
__Ltemp                  temp         000000
__Ltext                  text         000000
__Ltext0                 text0        000000
__Ltext1                 text1        000000
__Ltext10                text10       000000
__Ltext11                text11       000000
__Ltext12                text12       000000
__Ltext2                 text2        000000
__Ltext3                 text3        000000
__Ltext4                 text4        000000
__Ltext5                 text5        000000
__Ltext6                 text6        000000
__Ltext7                 text7        000000
__Ltext8                 text8        000000
__Ltext9                 text9        000000
__S0                     (abs)        30000E
__S1                     (abs)        000045
__S2                     (abs)        000000
___aldiv                 text10       00FC66
___aldiv@counter         cstackCOMRAM 000009
___aldiv@dividend        cstackCOMRAM 000001
___aldiv@divisor         cstackCOMRAM 000005
___aldiv@quotient        cstackCOMRAM 00000B
___aldiv@sign            cstackCOMRAM 00000A
___awtoft                text7        00F9AC
___awtoft@c              cstackCOMRAM 000015
___awtoft@sign           cstackCOMRAM 000018
___ftdiv                 text6        00FD32
___ftdiv@cntr            cstackCOMRAM 000015
___ftdiv@exp             cstackCOMRAM 000019
___ftdiv@f1              cstackCOMRAM 00000C
___ftdiv@f2              cstackCOMRAM 00000F
___ftdiv@f3              cstackCOMRAM 000016
___ftdiv@sign            cstackCOMRAM 00001A
___ftmul                 text5        00FE18
___ftmul@cntr            cstackCOMRAM 000028
___ftmul@exp             cstackCOMRAM 000024
___ftmul@f1              cstackCOMRAM 00001B
___ftmul@f2              cstackCOMRAM 00001E
___ftmul@f3_as_product   cstackCOMRAM 000025
___ftmul@sign            cstackCOMRAM 000029
___ftpack                text8        00FBB8
___ftpack@arg            cstackCOMRAM 000001
___ftpack@exp            cstackCOMRAM 000004
___ftpack@sign           cstackCOMRAM 000005
___fttol                 text4        00FF0C
___fttol@exp1            cstackCOMRAM 000038
___fttol@f1              cstackCOMRAM 00002A
___fttol@lval            cstackCOMRAM 000034
___fttol@sign1           cstackCOMRAM 000033
___inthi_sp              stack        000000
___intlo_sp              stack        000000
___lwtoft                text3        00F988
___lwtoft@c              cstackCOMRAM 000009
___param_bank            (abs)        000000
___rparam_used           (abs)        000001
___sp                    stack        000000
__accesstop              (abs)        000080
__activetblptr           (abs)        000000
__end_of_PWM1_Start      text12       00F96A
__end_of_PWM_Max_Duty    text9        00FA32
__end_of___aldiv         text10       00FD32
__end_of___awtoft        text7        00F9E4
__end_of___ftdiv         text6        00FE18
__end_of___ftmul         text5        00FF0C
__end_of___ftpack        text8        00FC66
__end_of___fttol         text4        010000
__end_of___lwtoft        text3        00F9AC
__end_of__initialization cinit        00F952
__end_of_delay_10ms      text11       00F988
__end_of_main            text0        00FB1E
__end_of_set_PWM1_duty   text2        00FBB8
__end_of_set_PWM_freq    text1        00FA9C
__initialization         cinit        00F94E
__mediumconst            mediumconst  000000
__pbssCOMRAM             bssCOMRAM    000043
__pcinit                 cinit        00F94E
__pcstackCOMRAM          cstackCOMRAM 000001
__pnvCOMRAM              nvCOMRAM     00003F
__ptext0                 text0        00FA9C
__ptext1                 text1        00FA32
__ptext10                text10       00FC66
__ptext11                text11       00F96A
__ptext12                text12       00F958
__ptext2                 text2        00FB1E
__ptext3                 text3        00F988
__ptext4                 text4        00FF0C
__ptext5                 text5        00FE18
__ptext6                 text6        00FD32
__ptext7                 text7        00F9AC
__ptext8                 text8        00FBB8
__ptext9                 text9        00F9E4
__ramtop                 ramtop       001000
__size_of_PWM1_Start     (abs)        000000
__size_of_PWM_Max_Duty   (abs)        000000
__size_of___aldiv        (abs)        000000
__size_of___awtoft       (abs)        000000
__size_of___ftdiv        (abs)        000000
__size_of___ftmul        (abs)        000000
__size_of___ftpack       (abs)        000000
__size_of___fttol        (abs)        000000
__size_of___lwtoft       (abs)        000000
__size_of_delay_10ms     (abs)        000000
__size_of_main           (abs)        000000
__size_of_set_PWM1_duty  (abs)        000000
__size_of_set_PWM_freq   (abs)        000000
__smallconst             smallconst   000000
_delay_10ms              text11       00F96A
_freq                    nvCOMRAM     00003F
_i                       bssCOMRAM    000043
_main                    text0        00FA9C
_set_PWM1_duty           text2        00FB1E
_set_PWM_freq            text1        00FA32
delay_10ms@n             cstackCOMRAM 000002
end_of_initialization    cinit        00F952
intlevel0                text         000000
intlevel1                text         000000
intlevel2                text         000000
intlevel3                text         000000
set_PWM1_duty@duty       cstackCOMRAM 000039
set_PWM_freq@fre         cstackCOMRAM 00000F
stackhi                  (abs)        000F7F
stacklo                  (abs)        000080
start                    init         000000
start_initialization     cinit        00F94E


FUNCTION INFORMATION:

 *************** function _main *****************
 Defined at:
		line 204 in file "PWM.c"
 Parameters:    Size  Location     Type
		None
 Auto vars:     Size  Location     Type
		None
 Return value:  Size  Location     Type
                  1    wreg      void 
 Registers used:
		wreg, status,2, status,0, cstack
 Tracked objects:
		On entry : 
		On exit  : 
		Unchanged: 
 Data sizes:     COMRAM   BANK0   BANK1   BANK2   BANK3   BANK4   BANK5   BANK6   BANK7   BANK8   BANK9  BANK10  BANK11  BANK12  BANK13  BANK14  BANK15
      Params:         0       0       0       0       0       0       0       0       0       0       0       0       0       0       0       0       0
      Locals:         0       0       0       0       0       0       0       0       0       0       0       0       0       0       0       0       0
      Temps:          2       0       0       0       0       0       0       0       0       0       0       0       0       0       0       0       0
      Totals:         2       0       0       0       0       0       0       0       0       0       0       0       0       0       0       0       0
Total ram usage:        2 bytes
 Hardware stack levels required when called:    3
 This function calls:
		_PWM1_Start
		_delay_10ms
		_set_PWM1_duty
		_set_PWM_freq
 This function is called by:
		Startup code after reset
 This function uses a non-reentrant model


 *************** function _set_PWM_freq *****************
 Defined at:
		line 93 in file "PWM.c"
 Parameters:    Size  Location     Type
  fre             4   14[COMRAM] long 
 Auto vars:     Size  Location     Type
		None
 Return value:  Size  Location     Type
                  1    wreg      void 
 Registers used:
		wreg, status,2, status,0, cstack
 Tracked objects:
		On entry : 
		On exit  : 
		Unchanged: 
 Data sizes:     COMRAM   BANK0   BANK1   BANK2   BANK3   BANK4   BANK5   BANK6   BANK7   BANK8   BANK9  BANK10  BANK11  BANK12  BANK13  BANK14  BANK15
      Params:         4       0       0       0       0       0       0       0       0       0       0       0       0       0       0       0       0
      Locals:         0       0       0       0       0       0       0       0       0       0       0       0       0       0       0       0       0
      Temps:          4       0       0       0       0       0       0       0       0       0       0       0       0       0       0       0       0
      Totals:         8       0       0       0       0       0       0       0       0       0       0       0       0       0       0       0       0
Total ram usage:        8 bytes
 Hardware stack levels used:    1
 Hardware stack levels required when called:    1
 This function calls:
		___aldiv
 This function is called by:
		_main
 This function uses a non-reentrant model


 *************** function _set_PWM1_duty *****************
 Defined at:
		line 102 in file "PWM.c"
 Parameters:    Size  Location     Type
  duty            2   56[COMRAM] unsigned int 
 Auto vars:     Size  Location     Type
		None
 Return value:  Size  Location     Type
                  1    wreg      void 
 Registers used:
		wreg, status,2, status,0, cstack
 Tracked objects:
		On entry : 
		On exit  : 
		Unchanged: 
 Data sizes:     COMRAM   BANK0   BANK1   BANK2   BANK3   BANK4   BANK5   BANK6   BANK7   BANK8   BANK9  BANK10  BANK11  BANK12  BANK13  BANK14  BANK15
      Params:         2       0       0       0       0       0       0       0       0       0       0       0       0       0       0       0       0
      Locals:         0       0       0       0       0       0       0       0       0       0       0       0       0       0       0       0       0
      Temps:          2       0       0       0       0       0       0       0       0       0       0       0       0       0       0       0       0
      Totals:         4       0       0       0       0       0       0       0       0       0       0       0       0       0       0       0       0
Total ram usage:        4 bytes
 Hardware stack levels used:    1
 Hardware stack levels required when called:    2
 This function calls:
		_PWM_Max_Duty
		___awtoft
		___ftdiv
		___ftmul
		___fttol
		___lwtoft
 This function is called by:
		_main
 This function uses a non-reentrant model


 *************** function ___lwtoft *****************
 Defined at:
		line 28 in file "/Applications/microchip/xc8/v1.40/sources/common/lwtoft.c"
 Parameters:    Size  Location     Type
  c               2    8[COMRAM] unsigned int 
 Auto vars:     Size  Location     Type
		None
 Return value:  Size  Location     Type
                  3    8[COMRAM] float 
 Registers used:
		wreg, status,2, status,0, cstack
 Tracked objects:
		On entry : 
		On exit  : 
		Unchanged: 
 Data sizes:     COMRAM   BANK0   BANK1   BANK2   BANK3   BANK4   BANK5   BANK6   BANK7   BANK8   BANK9  BANK10  BANK11  BANK12  BANK13  BANK14  BANK15
      Params:         3       0       0       0       0       0       0       0       0       0       0       0       0       0       0       0       0
      Locals:         0       0       0       0       0       0       0       0       0       0       0       0       0       0       0       0       0
      Temps:          0       0       0       0       0       0       0       0       0       0       0       0       0       0       0       0       0
      Totals:         3       0       0       0       0       0       0       0       0       0       0       0       0       0       0       0       0
Total ram usage:        3 bytes
 Hardware stack levels used:    1
 Hardware stack levels required when called:    1
 This function calls:
		___ftpack
 This function is called by:
		_set_PWM1_duty
		_set_PWM2_duty
 This function uses a non-reentrant model


 *************** function ___fttol *****************
 Defined at:
		line 44 in file "/Applications/microchip/xc8/v1.40/sources/common/fttol.c"
 Parameters:    Size  Location     Type
  f1              3   41[COMRAM] float 
 Auto vars:     Size  Location     Type
  lval            4   51[COMRAM] unsigned long 
  exp1            1   55[COMRAM] unsigned char 
  sign1           1   50[COMRAM] unsigned char 
 Return value:  Size  Location     Type
                  4   41[COMRAM] long 
 Registers used:
		wreg, status,2, status,0
 Tracked objects:
		On entry : 
		On exit  : 
		Unchanged: 
 Data sizes:     COMRAM   BANK0   BANK1   BANK2   BANK3   BANK4   BANK5   BANK6   BANK7   BANK8   BANK9  BANK10  BANK11  BANK12  BANK13  BANK14  BANK15
      Params:         4       0       0       0       0       0       0       0       0       0       0       0       0       0       0       0       0
      Locals:         6       0       0       0       0       0       0       0       0       0       0       0       0       0       0       0       0
      Temps:          5       0       0       0       0       0       0       0       0       0       0       0       0       0       0       0       0
      Totals:        15       0       0       0       0       0       0       0       0       0       0       0       0       0       0       0       0
Total ram usage:       15 bytes
 Hardware stack levels used:    1
 This function calls:
		Nothing
 This function is called by:
		_set_PWM1_duty
		_set_PWM2_duty
 This function uses a non-reentrant model


 *************** function ___ftmul *****************
 Defined at:
		line 62 in file "/Applications/microchip/xc8/v1.40/sources/common/ftmul.c"
 Parameters:    Size  Location     Type
  f1              3   26[COMRAM] float 
  f2              3   29[COMRAM] float 
 Auto vars:     Size  Location     Type
  f3_as_produc    3   36[COMRAM] unsigned um
  sign            1   40[COMRAM] unsigned char 
  cntr            1   39[COMRAM] unsigned char 
  exp             1   35[COMRAM] unsigned char 
 Return value:  Size  Location     Type
                  3   26[COMRAM] float 
 Registers used:
		wreg, status,2, status,0, cstack
 Tracked objects:
		On entry : 
		On exit  : 
		Unchanged: 
 Data sizes:     COMRAM   BANK0   BANK1   BANK2   BANK3   BANK4   BANK5   BANK6   BANK7   BANK8   BANK9  BANK10  BANK11  BANK12  BANK13  BANK14  BANK15
      Params:         6       0       0       0       0       0       0       0       0       0       0       0       0       0       0       0       0
      Locals:         6       0       0       0       0       0       0       0       0       0       0       0       0       0       0       0       0
      Temps:          3       0       0       0       0       0       0       0       0       0       0       0       0       0       0       0       0
      Totals:        15       0       0       0       0       0       0       0       0       0       0       0       0       0       0       0       0
Total ram usage:       15 bytes
 Hardware stack levels used:    1
 Hardware stack levels required when called:    1
 This function calls:
		___ftpack
 This function is called by:
		_set_PWM1_duty
		_set_PWM2_duty
 This function uses a non-reentrant model


 *************** function ___ftdiv *****************
 Defined at:
		line 54 in file "/Applications/microchip/xc8/v1.40/sources/common/ftdiv.c"
 Parameters:    Size  Location     Type
  f1              3   11[COMRAM] float 
  f2              3   14[COMRAM] float 
 Auto vars:     Size  Location     Type
  f3              3   21[COMRAM] float 
  sign            1   25[COMRAM] unsigned char 
  exp             1   24[COMRAM] unsigned char 
  cntr            1   20[COMRAM] unsigned char 
 Return value:  Size  Location     Type
                  3   11[COMRAM] float 
 Registers used:
		wreg, status,2, status,0, cstack
 Tracked objects:
		On entry : 
		On exit  : 
		Unchanged: 
 Data sizes:     COMRAM   BANK0   BANK1   BANK2   BANK3   BANK4   BANK5   BANK6   BANK7   BANK8   BANK9  BANK10  BANK11  BANK12  BANK13  BANK14  BANK15
      Params:         6       0       0       0       0       0       0       0       0       0       0       0       0       0       0       0       0
      Locals:         6       0       0       0       0       0       0       0       0       0       0       0       0       0       0       0       0
      Temps:          3       0       0       0       0       0       0       0       0       0       0       0       0       0       0       0       0
      Totals:        15       0       0       0       0       0       0       0       0       0       0       0       0       0       0       0       0
Total ram usage:       15 bytes
 Hardware stack levels used:    1
 Hardware stack levels required when called:    1
 This function calls:
		___ftpack
 This function is called by:
		_set_PWM1_duty
		_set_PWM2_duty
 This function uses a non-reentrant model


 *************** function ___awtoft *****************
 Defined at:
		line 32 in file "/Applications/microchip/xc8/v1.40/sources/common/awtoft.c"
 Parameters:    Size  Location     Type
  c               2   20[COMRAM] int 
 Auto vars:     Size  Location     Type
  sign            1   23[COMRAM] unsigned char 
 Return value:  Size  Location     Type
                  3   20[COMRAM] float 
 Registers used:
		wreg, status,2, status,0, cstack
 Tracked objects:
		On entry : 
		On exit  : 
		Unchanged: 
 Data sizes:     COMRAM   BANK0   BANK1   BANK2   BANK3   BANK4   BANK5   BANK6   BANK7   BANK8   BANK9  BANK10  BANK11  BANK12  BANK13  BANK14  BANK15
      Params:         3       0       0       0       0       0       0       0       0       0       0       0       0       0       0       0       0
      Locals:         1       0       0       0       0       0       0       0       0       0       0       0       0       0       0       0       0
      Temps:          0       0       0       0       0       0       0       0       0       0       0       0       0       0       0       0       0
      Totals:         4       0       0       0       0       0       0       0       0       0       0       0       0       0       0       0       0
Total ram usage:        4 bytes
 Hardware stack levels used:    1
 Hardware stack levels required when called:    1
 This function calls:
		___ftpack
 This function is called by:
		_set_PWM1_duty
		_set_PWM2_duty
 This function uses a non-reentrant model


 *************** function ___ftpack *****************
 Defined at:
		line 62 in file "/Applications/microchip/xc8/v1.40/sources/common/float.c"
 Parameters:    Size  Location     Type
  arg             3    0[COMRAM] unsigned um
  exp             1    3[COMRAM] unsigned char 
  sign            1    4[COMRAM] unsigned char 
 Auto vars:     Size  Location     Type
		None
 Return value:  Size  Location     Type
                  3    0[COMRAM] float 
 Registers used:
		wreg, status,2, status,0
 Tracked objects:
		On entry : 
		On exit  : 
		Unchanged: 
 Data sizes:     COMRAM   BANK0   BANK1   BANK2   BANK3   BANK4   BANK5   BANK6   BANK7   BANK8   BANK9  BANK10  BANK11  BANK12  BANK13  BANK14  BANK15
      Params:         5       0       0       0       0       0       0       0       0       0       0       0       0       0       0       0       0
      Locals:         0       0       0       0       0       0       0       0       0       0       0       0       0       0       0       0       0
      Temps:          3       0       0       0       0       0       0       0       0       0       0       0       0       0       0       0       0
      Totals:         8       0       0       0       0       0       0       0       0       0       0       0       0       0       0       0       0
Total ram usage:        8 bytes
 Hardware stack levels used:    1
 This function calls:
		Nothing
 This function is called by:
		___awtoft
		___ftdiv
		___ftmul
		___lwtoft
 This function uses a non-reentrant model


 *************** function _PWM_Max_Duty *****************
 Defined at:
		line 85 in file "PWM.c"
 Parameters:    Size  Location     Type
		None
 Auto vars:     Size  Location     Type
		None
 Return value:  Size  Location     Type
                  2   14[COMRAM] int 
 Registers used:
		wreg, status,2, status,0, cstack
 Tracked objects:
		On entry : 
		On exit  : 
		Unchanged: 
 Data sizes:     COMRAM   BANK0   BANK1   BANK2   BANK3   BANK4   BANK5   BANK6   BANK7   BANK8   BANK9  BANK10  BANK11  BANK12  BANK13  BANK14  BANK15
      Params:         2       0       0       0       0       0       0       0       0       0       0       0       0       0       0       0       0
      Locals:         0       0       0       0       0       0       0       0       0       0       0       0       0       0       0       0       0
      Temps:          4       0       0       0       0       0       0       0       0       0       0       0       0       0       0       0       0
      Totals:         6       0       0       0       0       0       0       0       0       0       0       0       0       0       0       0       0
Total ram usage:        6 bytes
 Hardware stack levels used:    1
 Hardware stack levels required when called:    1
 This function calls:
		___aldiv
 This function is called by:
		_set_PWM1_duty
		_set_PWM2_duty
 This function uses a non-reentrant model


 *************** function ___aldiv *****************
 Defined at:
		line 8 in file "/Applications/microchip/xc8/v1.40/sources/common/aldiv.c"
 Parameters:    Size  Location     Type
  dividend        4    0[COMRAM] long 
  divisor         4    4[COMRAM] long 
 Auto vars:     Size  Location     Type
  quotient        4   10[COMRAM] long 
  sign            1    9[COMRAM] unsigned char 
  counter         1    8[COMRAM] unsigned char 
 Return value:  Size  Location     Type
                  4    0[COMRAM] long 
 Registers used:
		wreg, status,2, status,0
 Tracked objects:
		On entry : 
		On exit  : 
		Unchanged: 
 Data sizes:     COMRAM   BANK0   BANK1   BANK2   BANK3   BANK4   BANK5   BANK6   BANK7   BANK8   BANK9  BANK10  BANK11  BANK12  BANK13  BANK14  BANK15
      Params:         8       0       0       0       0       0       0       0       0       0       0       0       0       0       0       0       0
      Locals:         6       0       0       0       0       0       0       0       0       0       0       0       0       0       0       0       0
      Temps:          0       0       0       0       0       0       0       0       0       0       0       0       0       0       0       0       0
      Totals:        14       0       0       0       0       0       0       0       0       0       0       0       0       0       0       0       0
Total ram usage:       14 bytes
 Hardware stack levels used:    1
 This function calls:
		Nothing
 This function is called by:
		_PWM_Max_Duty
		_set_PWM_freq
 This function uses a non-reentrant model


 *************** function _delay_10ms *****************
 Defined at:
		line 79 in file "PWM.c"
 Parameters:    Size  Location     Type
  n               1    wreg     unsigned char 
 Auto vars:     Size  Location     Type
  n               1    1[COMRAM] unsigned char 
 Return value:  Size  Location     Type
                  1    wreg      void 
 Registers used:
		wreg, status,2, status,0, cstack
 Tracked objects:
		On entry : 
		On exit  : 
		Unchanged: 
 Data sizes:     COMRAM   BANK0   BANK1   BANK2   BANK3   BANK4   BANK5   BANK6   BANK7   BANK8   BANK9  BANK10  BANK11  BANK12  BANK13  BANK14  BANK15
      Params:         0       0       0       0       0       0       0       0       0       0       0       0       0       0       0       0       0
      Locals:         1       0       0       0       0       0       0       0       0       0       0       0       0       0       0       0       0
      Temps:          1       0       0       0       0       0       0       0       0       0       0       0       0       0       0       0       0
      Totals:         2       0       0       0       0       0       0       0       0       0       0       0       0       0       0       0       0
Total ram usage:        2 bytes
 Hardware stack levels used:    1
 This function calls:
		Nothing
 This function is called by:
		_main
 This function uses a non-reentrant model


 *************** function _PWM1_Start *****************
 Defined at:
		line 131 in file "PWM.c"
 Parameters:    Size  Location     Type
		None
 Auto vars:     Size  Location     Type
		None
 Return value:  Size  Location     Type
                  2   76[None  ] int 
 Registers used:
		None
 Tracked objects:
		On entry : 
		On exit  : 
		Unchanged: 
 Data sizes:     COMRAM   BANK0   BANK1   BANK2   BANK3   BANK4   BANK5   BANK6   BANK7   BANK8   BANK9  BANK10  BANK11  BANK12  BANK13  BANK14  BANK15
      Params:         0       0       0       0       0       0       0       0       0       0       0       0       0       0       0       0       0
      Locals:         0       0       0       0       0       0       0       0       0       0       0       0       0       0       0       0       0
      Temps:          0       0       0       0       0       0       0       0       0       0       0       0       0       0       0       0       0
      Totals:         0       0       0       0       0       0       0       0       0       0       0       0       0       0       0       0       0
Total ram usage:        0 bytes
 Hardware stack levels used:    1
 This function calls:
		Nothing
 This function is called by:
		_main
 This function uses a non-reentrant model



MODULE INFORMATION

Module		Function		Class		Link	Load	Size
/Applications/microchip/xc8/v1.40/sources/common/awtoft.c
		___awtoft      		CODE           	F9AC	0000	57

/Applications/microchip/xc8/v1.40/sources/common/awtoft.c estimated size: 57

/Applications/microchip/xc8/v1.40/sources/common/float.c
		___ftpack      		CODE           	FBB8	0000	175

/Applications/microchip/xc8/v1.40/sources/common/float.c estimated size: 175

/Applications/microchip/xc8/v1.40/sources/common/lwtoft.c
		___lwtoft      		CODE           	F988	0000	37

/Applications/microchip/xc8/v1.40/sources/common/lwtoft.c estimated size: 37

/Applications/microchip/xc8/v1.40/sources/common/ftmul.c
		___ftmul       		CODE           	FE18	0000	245

/Applications/microchip/xc8/v1.40/sources/common/ftmul.c estimated size: 245

/Applications/microchip/xc8/v1.40/sources/common/ftdiv.c
		___ftdiv       		CODE           	FD32	0000	231

/Applications/microchip/xc8/v1.40/sources/common/ftdiv.c estimated size: 231

PWM.c
		_PWM1_Start    		CODE           	F958	0000	19
		_main          		CODE           	FA9C	0000	131
		_set_PWM_freq  		CODE           	FA32	0000	107
		_set_PWM1_duty 		CODE           	FB1E	0000	155
		_delay_10ms    		CODE           	F96A	0000	31
		_PWM_Max_Duty  		CODE           	F9E4	0000	79

PWM.c estimated size: 522

/Applications/microchip/xc8/v1.40/sources/common/aldiv.c
		___aldiv       		CODE           	FC66	0000	205

/Applications/microchip/xc8/v1.40/sources/common/aldiv.c estimated size: 205

shared
		__initialization		CODE           	F94E	0000	5

shared estimated size: 5

/Applications/microchip/xc8/v1.40/sources/common/fttol.c
		___fttol       		CODE           	FF0C	0000	245

/Applications/microchip/xc8/v1.40/sources/common/fttol.c estimated size: 245

